INFO:     Will watch for changes in these directories: ['/Users/sujalnivruttipagere/Desktop/Heart']
INFO:     Uvicorn running on http://0.0.0.0:8000 (Press CTRL+C to quit)
INFO:     Started reloader process [76578] using WatchFiles
INFO:     Started server process [76625]
INFO:     Waiting for application startup.
2026-04-06 03:28:09,975 INFO sqlalchemy.engine.Engine BEGIN (implicit)
2026-04-06 03:28:09,976 INFO sqlalchemy.engine.Engine PRAGMA main.table_info("users")
2026-04-06 03:28:09,976 INFO sqlalchemy.engine.Engine [raw sql] ()
2026-04-06 03:28:09,978 INFO sqlalchemy.engine.Engine PRAGMA main.table_info("watch_data")
2026-04-06 03:28:09,979 INFO sqlalchemy.engine.Engine [raw sql] ()
2026-04-06 03:28:09,979 INFO sqlalchemy.engine.Engine PRAGMA main.table_info("ecg_reports")
2026-04-06 03:28:09,979 INFO sqlalchemy.engine.Engine [raw sql] ()
2026-04-06 03:28:09,980 INFO sqlalchemy.engine.Engine PRAGMA main.table_info("angioplasty_reports")
2026-04-06 03:28:09,980 INFO sqlalchemy.engine.Engine [raw sql] ()
2026-04-06 03:28:09,980 INFO sqlalchemy.engine.Engine PRAGMA main.table_info("heart_sound_recordings")
2026-04-06 03:28:09,980 INFO sqlalchemy.engine.Engine [raw sql] ()
2026-04-06 03:28:09,981 INFO sqlalchemy.engine.Engine PRAGMA main.table_info("prediction_results")
2026-04-06 03:28:09,981 INFO sqlalchemy.engine.Engine [raw sql] ()
2026-04-06 03:28:09,981 INFO sqlalchemy.engine.Engine PRAGMA main.table_info("alert_configs")
2026-04-06 03:28:09,982 INFO sqlalchemy.engine.Engine [raw sql] ()
2026-04-06 03:28:09,982 INFO sqlalchemy.engine.Engine PRAGMA main.table_info("data_sources")
2026-04-06 03:28:09,982 INFO sqlalchemy.engine.Engine [raw sql] ()
2026-04-06 03:28:09,983 INFO sqlalchemy.engine.Engine PRAGMA main.table_info("conversation_contexts")
2026-04-06 03:28:09,983 INFO sqlalchemy.engine.Engine [raw sql] ()
2026-04-06 03:28:09,983 INFO sqlalchemy.engine.Engine PRAGMA main.table_info("audit_logs")
2026-04-06 03:28:09,984 INFO sqlalchemy.engine.Engine [raw sql] ()
2026-04-06 03:28:09,984 INFO sqlalchemy.engine.Engine PRAGMA main.table_info("health_summaries")
2026-04-06 03:28:09,984 INFO sqlalchemy.engine.Engine [raw sql] ()
2026-04-06 03:28:09,985 INFO sqlalchemy.engine.Engine COMMIT
INFO:     Application startup complete.
✅ Database tables created.
🫀 Heart Health Module v2 — Starting up...
📊 Dashboard: http://localhost:8000/static/dashboard/index.html
📚 API Docs:  http://localhost:8000/docs
INFO:     127.0.0.1:60109 - "POST /api/v1/data/sync/all HTTP/1.1" 200 OK
INFO:     127.0.0.1:60111 - "POST /api/v1/data/sync/all HTTP/1.1" 200 OK
INFO:     127.0.0.1:60115 - "POST /api/v1/data/sync/all HTTP/1.1" 200 OK
INFO:     127.0.0.1:60117 - "POST /api/v1/data/sync/all HTTP/1.1" 200 OK
INFO:     127.0.0.1:60120 - "POST /api/v1/data/sync/all HTTP/1.1" 200 OK
INFO:     127.0.0.1:60123 - "POST /api/v1/data/sync/all HTTP/1.1" 200 OK
INFO:     127.0.0.1:60124 - "POST /api/v1/data/sync/all HTTP/1.1" 200 OK
INFO:     127.0.0.1:60126 - "POST /api/v1/data/sync/all HTTP/1.1" 200 OK
INFO:     127.0.0.1:60132 - "POST /api/v1/data/sync/all HTTP/1.1" 200 OK
INFO:     127.0.0.1:60141 - "POST /api/v1/data/sync/all HTTP/1.1" 200 OK
INFO:     127.0.0.1:60149 - "POST /api/v1/data/sync/all HTTP/1.1" 200 OK
INFO:     127.0.0.1:60154 - "POST /api/v1/data/sync/all HTTP/1.1" 200 OK
INFO:     127.0.0.1:60162 - "POST /api/v1/data/sync/all HTTP/1.1" 200 OK
INFO:     127.0.0.1:60160 - "POST /api/v1/data/sync/all HTTP/1.1" 200 OK
INFO:     127.0.0.1:60163 - "POST /api/v1/data/sync/all HTTP/1.1" 200 OK
INFO:     127.0.0.1:60165 - "POST /api/v1/data/sync/all HTTP/1.1" 200 OK
INFO:     127.0.0.1:60167 - "GET /docs HTTP/1.1" 200 OK
INFO:     127.0.0.1:60170 - "POST /api/v1/data/sync/all HTTP/1.1" 200 OK
INFO:     127.0.0.1:60173 - "GET /static/dashboard/index.html HTTP/1.1" 304 Not Modified
INFO:     127.0.0.1:60175 - "POST /api/v1/data/sync/all HTTP/1.1" 200 OK
INFO:     127.0.0.1:60173 - "POST /api/v1/data/sync/all HTTP/1.1" 200 OK
INFO:     127.0.0.1:60178 - "WebSocket /api/v1/monitor/live/1" [accepted]
2026-04-06 03:30:23,735 INFO sqlalchemy.engine.Engine BEGIN (implicit)
2026-04-06 03:30:23,746 INFO sqlalchemy.engine.Engine SELECT watch_data.id AS watch_data_id, watch_data.user_id AS watch_data_user_id, watch_data.source AS watch_data_source, watch_data.timestamp AS watch_data_timestamp, watch_data.heart_rate AS watch_data_heart_rate, watch_data.hrv AS watch_data_hrv, watch_data.spo2 AS watch_data_spo2, watch_data.steps AS watch_data_steps, watch_data.sleep_stage AS watch_data_sleep_stage, watch_data.blood_pressure_systolic AS watch_data_blood_pressure_systolic, watch_data.blood_pressure_diastolic AS watch_data_blood_pressure_diastolic, watch_data.calories_burned AS watch_data_calories_burned, watch_data.activity_minutes AS watch_data_activity_minutes, watch_data.raw_data AS watch_data_raw_data 
FROM watch_data 
WHERE watch_data.source = ? ORDER BY watch_data.timestamp DESC
 LIMIT ? OFFSET ?
2026-04-06 03:30:23,746 INFO sqlalchemy.engine.Engine [generated in 0.00087s] ('health_connect', 1, 0)
📱 HEALTH_CONNECT ONLY: HR=71.0 SpO2=None HRV=None Steps=43
2026-04-06 03:30:23,757 INFO sqlalchemy.engine.Engine SELECT alert_configs.id AS alert_configs_id, alert_configs.user_id AS alert_configs_user_id, alert_configs.metric AS alert_configs_metric, alert_configs.threshold_value AS alert_configs_threshold_value, alert_configs.direction AS alert_configs_direction, alert_configs.enabled AS alert_configs_enabled, alert_configs.notify_email AS alert_configs_notify_email, alert_configs.notify_push AS alert_configs_notify_push, alert_configs.created_at AS alert_configs_created_at 
FROM alert_configs 
WHERE alert_configs.user_id = ? AND alert_configs.enabled = 1
2026-04-06 03:30:23,757 INFO sqlalchemy.engine.Engine [generated in 0.00066s] (1,)
2026-04-06 03:30:23,758 INFO sqlalchemy.engine.Engine ROLLBACK
INFO:     connection open
2026-04-06 03:30:25,764 INFO sqlalchemy.engine.Engine BEGIN (implicit)
2026-04-06 03:30:25,765 INFO sqlalchemy.engine.Engine SELECT watch_data.id AS watch_data_id, watch_data.user_id AS watch_data_user_id, watch_data.source AS watch_data_source, watch_data.timestamp AS watch_data_timestamp, watch_data.heart_rate AS watch_data_heart_rate, watch_data.hrv AS watch_data_hrv, watch_data.spo2 AS watch_data_spo2, watch_data.steps AS watch_data_steps, watch_data.sleep_stage AS watch_data_sleep_stage, watch_data.blood_pressure_systolic AS watch_data_blood_pressure_systolic, watch_data.blood_pressure_diastolic AS watch_data_blood_pressure_diastolic, watch_data.calories_burned AS watch_data_calories_burned, watch_data.activity_minutes AS watch_data_activity_minutes, watch_data.raw_data AS watch_data_raw_data 
FROM watch_data 
WHERE watch_data.source = ? ORDER BY watch_data.timestamp DESC
 LIMIT ? OFFSET ?
2026-04-06 03:30:25,765 INFO sqlalchemy.engine.Engine [cached since 2.02s ago] ('health_connect', 1, 0)
📱 HEALTH_CONNECT ONLY: HR=71.0 SpO2=None HRV=None Steps=43
2026-04-06 03:30:25,767 INFO sqlalchemy.engine.Engine SELECT alert_configs.id AS alert_configs_id, alert_configs.user_id AS alert_configs_user_id, alert_configs.metric AS alert_configs_metric, alert_configs.threshold_value AS alert_configs_threshold_value, alert_configs.direction AS alert_configs_direction, alert_configs.enabled AS alert_configs_enabled, alert_configs.notify_email AS alert_configs_notify_email, alert_configs.notify_push AS alert_configs_notify_push, alert_configs.created_at AS alert_configs_created_at 
FROM alert_configs 
WHERE alert_configs.user_id = ? AND alert_configs.enabled = 1
2026-04-06 03:30:25,767 INFO sqlalchemy.engine.Engine [cached since 2.011s ago] (1,)
2026-04-06 03:30:25,768 INFO sqlalchemy.engine.Engine ROLLBACK
2026-04-06 03:30:27,771 INFO sqlalchemy.engine.Engine BEGIN (implicit)
2026-04-06 03:30:27,771 INFO sqlalchemy.engine.Engine SELECT watch_data.id AS watch_data_id, watch_data.user_id AS watch_data_user_id, watch_data.source AS watch_data_source, watch_data.timestamp AS watch_data_timestamp, watch_data.heart_rate AS watch_data_heart_rate, watch_data.hrv AS watch_data_hrv, watch_data.spo2 AS watch_data_spo2, watch_data.steps AS watch_data_steps, watch_data.sleep_stage AS watch_data_sleep_stage, watch_data.blood_pressure_systolic AS watch_data_blood_pressure_systolic, watch_data.blood_pressure_diastolic AS watch_data_blood_pressure_diastolic, watch_data.calories_burned AS watch_data_calories_burned, watch_data.activity_minutes AS watch_data_activity_minutes, watch_data.raw_data AS watch_data_raw_data 
FROM watch_data 
WHERE watch_data.source = ? ORDER BY watch_data.timestamp DESC
 LIMIT ? OFFSET ?
2026-04-06 03:30:27,771 INFO sqlalchemy.engine.Engine [cached since 4.026s ago] ('health_connect', 1, 0)
📱 HEALTH_CONNECT ONLY: HR=71.0 SpO2=None HRV=None Steps=43
2026-04-06 03:30:27,772 INFO sqlalchemy.engine.Engine SELECT alert_configs.id AS alert_configs_id, alert_configs.user_id AS alert_configs_user_id, alert_configs.metric AS alert_configs_metric, alert_configs.threshold_value AS alert_configs_threshold_value, alert_configs.direction AS alert_configs_direction, alert_configs.enabled AS alert_configs_enabled, alert_configs.notify_email AS alert_configs_notify_email, alert_configs.notify_push AS alert_configs_notify_push, alert_configs.created_at AS alert_configs_created_at 
FROM alert_configs 
WHERE alert_configs.user_id = ? AND alert_configs.enabled = 1
2026-04-06 03:30:27,772 INFO sqlalchemy.engine.Engine [cached since 4.015s ago] (1,)
2026-04-06 03:30:27,772 INFO sqlalchemy.engine.Engine ROLLBACK
2026-04-06 03:30:29,776 INFO sqlalchemy.engine.Engine BEGIN (implicit)
2026-04-06 03:30:29,777 INFO sqlalchemy.engine.Engine SELECT watch_data.id AS watch_data_id, watch_data.user_id AS watch_data_user_id, watch_data.source AS watch_data_source, watch_data.timestamp AS watch_data_timestamp, watch_data.heart_rate AS watch_data_heart_rate, watch_data.hrv AS watch_data_hrv, watch_data.spo2 AS watch_data_spo2, watch_data.steps AS watch_data_steps, watch_data.sleep_stage AS watch_data_sleep_stage, watch_data.blood_pressure_systolic AS watch_data_blood_pressure_systolic, watch_data.blood_pressure_diastolic AS watch_data_blood_pressure_diastolic, watch_data.calories_burned AS watch_data_calories_burned, watch_data.activity_minutes AS watch_data_activity_minutes, watch_data.raw_data AS watch_data_raw_data 
FROM watch_data 
WHERE watch_data.source = ? ORDER BY watch_data.timestamp DESC
 LIMIT ? OFFSET ?
2026-04-06 03:30:29,777 INFO sqlalchemy.engine.Engine [cached since 6.031s ago] ('health_connect', 1, 0)
📱 HEALTH_CONNECT ONLY: HR=71.0 SpO2=None HRV=None Steps=43
2026-04-06 03:30:29,779 INFO sqlalchemy.engine.Engine SELECT alert_configs.id AS alert_configs_id, alert_configs.user_id AS alert_configs_user_id, alert_configs.metric AS alert_configs_metric, alert_configs.threshold_value AS alert_configs_threshold_value, alert_configs.direction AS alert_configs_direction, alert_configs.enabled AS alert_configs_enabled, alert_configs.notify_email AS alert_configs_notify_email, alert_configs.notify_push AS alert_configs_notify_push, alert_configs.created_at AS alert_configs_created_at 
FROM alert_configs 
WHERE alert_configs.user_id = ? AND alert_configs.enabled = 1
2026-04-06 03:30:29,779 INFO sqlalchemy.engine.Engine [cached since 6.023s ago] (1,)
2026-04-06 03:30:29,780 INFO sqlalchemy.engine.Engine ROLLBACK
2026-04-06 03:30:31,783 INFO sqlalchemy.engine.Engine BEGIN (implicit)
2026-04-06 03:30:31,784 INFO sqlalchemy.engine.Engine SELECT watch_data.id AS watch_data_id, watch_data.user_id AS watch_data_user_id, watch_data.source AS watch_data_source, watch_data.timestamp AS watch_data_timestamp, watch_data.heart_rate AS watch_data_heart_rate, watch_data.hrv AS watch_data_hrv, watch_data.spo2 AS watch_data_spo2, watch_data.steps AS watch_data_steps, watch_data.sleep_stage AS watch_data_sleep_stage, watch_data.blood_pressure_systolic AS watch_data_blood_pressure_systolic, watch_data.blood_pressure_diastolic AS watch_data_blood_pressure_diastolic, watch_data.calories_burned AS watch_data_calories_burned, watch_data.activity_minutes AS watch_data_activity_minutes, watch_data.raw_data AS watch_data_raw_data 
FROM watch_data 
WHERE watch_data.source = ? ORDER BY watch_data.timestamp DESC
 LIMIT ? OFFSET ?
2026-04-06 03:30:31,784 INFO sqlalchemy.engine.Engine [cached since 8.038s ago] ('health_connect', 1, 0)
📱 HEALTH_CONNECT ONLY: HR=71.0 SpO2=None HRV=None Steps=43
2026-04-06 03:30:31,787 INFO sqlalchemy.engine.Engine SELECT alert_configs.id AS alert_configs_id, alert_configs.user_id AS alert_configs_user_id, alert_configs.metric AS alert_configs_metric, alert_configs.threshold_value AS alert_configs_threshold_value, alert_configs.direction AS alert_configs_direction, alert_configs.enabled AS alert_configs_enabled, alert_configs.notify_email AS alert_configs_notify_email, alert_configs.notify_push AS alert_configs_notify_push, alert_configs.created_at AS alert_configs_created_at 
FROM alert_configs 
WHERE alert_configs.user_id = ? AND alert_configs.enabled = 1
2026-04-06 03:30:31,787 INFO sqlalchemy.engine.Engine [cached since 8.03s ago] (1,)
2026-04-06 03:30:31,787 INFO sqlalchemy.engine.Engine ROLLBACK
2026-04-06 03:30:33,789 INFO sqlalchemy.engine.Engine BEGIN (implicit)
2026-04-06 03:30:33,790 INFO sqlalchemy.engine.Engine SELECT watch_data.id AS watch_data_id, watch_data.user_id AS watch_data_user_id, watch_data.source AS watch_data_source, watch_data.timestamp AS watch_data_timestamp, watch_data.heart_rate AS watch_data_heart_rate, watch_data.hrv AS watch_data_hrv, watch_data.spo2 AS watch_data_spo2, watch_data.steps AS watch_data_steps, watch_data.sleep_stage AS watch_data_sleep_stage, watch_data.blood_pressure_systolic AS watch_data_blood_pressure_systolic, watch_data.blood_pressure_diastolic AS watch_data_blood_pressure_diastolic, watch_data.calories_burned AS watch_data_calories_burned, watch_data.activity_minutes AS watch_data_activity_minutes, watch_data.raw_data AS watch_data_raw_data 
FROM watch_data 
WHERE watch_data.source = ? ORDER BY watch_data.timestamp DESC
 LIMIT ? OFFSET ?
2026-04-06 03:30:33,790 INFO sqlalchemy.engine.Engine [cached since 10.04s ago] ('health_connect', 1, 0)
📱 HEALTH_CONNECT ONLY: HR=71.0 SpO2=None HRV=None Steps=43
2026-04-06 03:30:33,790 INFO sqlalchemy.engine.Engine SELECT alert_configs.id AS alert_configs_id, alert_configs.user_id AS alert_configs_user_id, alert_configs.metric AS alert_configs_metric, alert_configs.threshold_value AS alert_configs_threshold_value, alert_configs.direction AS alert_configs_direction, alert_configs.enabled AS alert_configs_enabled, alert_configs.notify_email AS alert_configs_notify_email, alert_configs.notify_push AS alert_configs_notify_push, alert_configs.created_at AS alert_configs_created_at 
FROM alert_configs 
WHERE alert_configs.user_id = ? AND alert_configs.enabled = 1
2026-04-06 03:30:33,790 INFO sqlalchemy.engine.Engine [cached since 10.03s ago] (1,)
2026-04-06 03:30:33,790 INFO sqlalchemy.engine.Engine ROLLBACK
2026-04-06 03:30:35,792 INFO sqlalchemy.engine.Engine BEGIN (implicit)
2026-04-06 03:30:35,793 INFO sqlalchemy.engine.Engine SELECT watch_data.id AS watch_data_id, watch_data.user_id AS watch_data_user_id, watch_data.source AS watch_data_source, watch_data.timestamp AS watch_data_timestamp, watch_data.heart_rate AS watch_data_heart_rate, watch_data.hrv AS watch_data_hrv, watch_data.spo2 AS watch_data_spo2, watch_data.steps AS watch_data_steps, watch_data.sleep_stage AS watch_data_sleep_stage, watch_data.blood_pressure_systolic AS watch_data_blood_pressure_systolic, watch_data.blood_pressure_diastolic AS watch_data_blood_pressure_diastolic, watch_data.calories_burned AS watch_data_calories_burned, watch_data.activity_minutes AS watch_data_activity_minutes, watch_data.raw_data AS watch_data_raw_data 
FROM watch_data 
WHERE watch_data.source = ? ORDER BY watch_data.timestamp DESC
 LIMIT ? OFFSET ?
2026-04-06 03:30:35,793 INFO sqlalchemy.engine.Engine [cached since 12.05s ago] ('health_connect', 1, 0)
📱 HEALTH_CONNECT ONLY: HR=71.0 SpO2=None HRV=None Steps=43
2026-04-06 03:30:35,794 INFO sqlalchemy.engine.Engine SELECT alert_configs.id AS alert_configs_id, alert_configs.user_id AS alert_configs_user_id, alert_configs.metric AS alert_configs_metric, alert_configs.threshold_value AS alert_configs_threshold_value, alert_configs.direction AS alert_configs_direction, alert_configs.enabled AS alert_configs_enabled, alert_configs.notify_email AS alert_configs_notify_email, alert_configs.notify_push AS alert_configs_notify_push, alert_configs.created_at AS alert_configs_created_at 
FROM alert_configs 
WHERE alert_configs.user_id = ? AND alert_configs.enabled = 1
2026-04-06 03:30:35,794 INFO sqlalchemy.engine.Engine [cached since 12.04s ago] (1,)
2026-04-06 03:30:35,794 INFO sqlalchemy.engine.Engine ROLLBACK
2026-04-06 03:30:37,795 INFO sqlalchemy.engine.Engine BEGIN (implicit)
2026-04-06 03:30:37,795 INFO sqlalchemy.engine.Engine SELECT watch_data.id AS watch_data_id, watch_data.user_id AS watch_data_user_id, watch_data.source AS watch_data_source, watch_data.timestamp AS watch_data_timestamp, watch_data.heart_rate AS watch_data_heart_rate, watch_data.hrv AS watch_data_hrv, watch_data.spo2 AS watch_data_spo2, watch_data.steps AS watch_data_steps, watch_data.sleep_stage AS watch_data_sleep_stage, watch_data.blood_pressure_systolic AS watch_data_blood_pressure_systolic, watch_data.blood_pressure_diastolic AS watch_data_blood_pressure_diastolic, watch_data.calories_burned AS watch_data_calories_burned, watch_data.activity_minutes AS watch_data_activity_minutes, watch_data.raw_data AS watch_data_raw_data 
FROM watch_data 
WHERE watch_data.source = ? ORDER BY watch_data.timestamp DESC
 LIMIT ? OFFSET ?
2026-04-06 03:30:37,795 INFO sqlalchemy.engine.Engine [cached since 14.05s ago] ('health_connect', 1, 0)
📱 HEALTH_CONNECT ONLY: HR=71.0 SpO2=None HRV=None Steps=43
2026-04-06 03:30:37,796 INFO sqlalchemy.engine.Engine SELECT alert_configs.id AS alert_configs_id, alert_configs.user_id AS alert_configs_user_id, alert_configs.metric AS alert_configs_metric, alert_configs.threshold_value AS alert_configs_threshold_value, alert_configs.direction AS alert_configs_direction, alert_configs.enabled AS alert_configs_enabled, alert_configs.notify_email AS alert_configs_notify_email, alert_configs.notify_push AS alert_configs_notify_push, alert_configs.created_at AS alert_configs_created_at 
FROM alert_configs 
WHERE alert_configs.user_id = ? AND alert_configs.enabled = 1
2026-04-06 03:30:37,796 INFO sqlalchemy.engine.Engine [cached since 14.04s ago] (1,)
2026-04-06 03:30:37,796 INFO sqlalchemy.engine.Engine ROLLBACK
2026-04-06 03:30:39,799 INFO sqlalchemy.engine.Engine BEGIN (implicit)
2026-04-06 03:30:39,799 INFO sqlalchemy.engine.Engine SELECT watch_data.id AS watch_data_id, watch_data.user_id AS watch_data_user_id, watch_data.source AS watch_data_source, watch_data.timestamp AS watch_data_timestamp, watch_data.heart_rate AS watch_data_heart_rate, watch_data.hrv AS watch_data_hrv, watch_data.spo2 AS watch_data_spo2, watch_data.steps AS watch_data_steps, watch_data.sleep_stage AS watch_data_sleep_stage, watch_data.blood_pressure_systolic AS watch_data_blood_pressure_systolic, watch_data.blood_pressure_diastolic AS watch_data_blood_pressure_diastolic, watch_data.calories_burned AS watch_data_calories_burned, watch_data.activity_minutes AS watch_data_activity_minutes, watch_data.raw_data AS watch_data_raw_data 
FROM watch_data 
WHERE watch_data.source = ? ORDER BY watch_data.timestamp DESC
 LIMIT ? OFFSET ?
2026-04-06 03:30:39,800 INFO sqlalchemy.engine.Engine [cached since 16.05s ago] ('health_connect', 1, 0)
📱 HEALTH_CONNECT ONLY: HR=71.0 SpO2=None HRV=None Steps=43
2026-04-06 03:30:39,803 INFO sqlalchemy.engine.Engine SELECT alert_configs.id AS alert_configs_id, alert_configs.user_id AS alert_configs_user_id, alert_configs.metric AS alert_configs_metric, alert_configs.threshold_value AS alert_configs_threshold_value, alert_configs.direction AS alert_configs_direction, alert_configs.enabled AS alert_configs_enabled, alert_configs.notify_email AS alert_configs_notify_email, alert_configs.notify_push AS alert_configs_notify_push, alert_configs.created_at AS alert_configs_created_at 
FROM alert_configs 
WHERE alert_configs.user_id = ? AND alert_configs.enabled = 1
2026-04-06 03:30:39,803 INFO sqlalchemy.engine.Engine [cached since 16.05s ago] (1,)
2026-04-06 03:30:39,804 INFO sqlalchemy.engine.Engine ROLLBACK
2026-04-06 03:30:41,807 INFO sqlalchemy.engine.Engine BEGIN (implicit)
2026-04-06 03:30:41,807 INFO sqlalchemy.engine.Engine SELECT watch_data.id AS watch_data_id, watch_data.user_id AS watch_data_user_id, watch_data.source AS watch_data_source, watch_data.timestamp AS watch_data_timestamp, watch_data.heart_rate AS watch_data_heart_rate, watch_data.hrv AS watch_data_hrv, watch_data.spo2 AS watch_data_spo2, watch_data.steps AS watch_data_steps, watch_data.sleep_stage AS watch_data_sleep_stage, watch_data.blood_pressure_systolic AS watch_data_blood_pressure_systolic, watch_data.blood_pressure_diastolic AS watch_data_blood_pressure_diastolic, watch_data.calories_burned AS watch_data_calories_burned, watch_data.activity_minutes AS watch_data_activity_minutes, watch_data.raw_data AS watch_data_raw_data 
FROM watch_data 
WHERE watch_data.source = ? ORDER BY watch_data.timestamp DESC
 LIMIT ? OFFSET ?
2026-04-06 03:30:41,807 INFO sqlalchemy.engine.Engine [cached since 18.06s ago] ('health_connect', 1, 0)
📱 HEALTH_CONNECT ONLY: HR=71.0 SpO2=None HRV=None Steps=43
2026-04-06 03:30:41,809 INFO sqlalchemy.engine.Engine SELECT alert_configs.id AS alert_configs_id, alert_configs.user_id AS alert_configs_user_id, alert_configs.metric AS alert_configs_metric, alert_configs.threshold_value AS alert_configs_threshold_value, alert_configs.direction AS alert_configs_direction, alert_configs.enabled AS alert_configs_enabled, alert_configs.notify_email AS alert_configs_notify_email, alert_configs.notify_push AS alert_configs_notify_push, alert_configs.created_at AS alert_configs_created_at 
FROM alert_configs 
WHERE alert_configs.user_id = ? AND alert_configs.enabled = 1
2026-04-06 03:30:41,809 INFO sqlalchemy.engine.Engine [cached since 18.05s ago] (1,)
2026-04-06 03:30:41,809 INFO sqlalchemy.engine.Engine ROLLBACK
2026-04-06 03:30:43,811 INFO sqlalchemy.engine.Engine BEGIN (implicit)
2026-04-06 03:30:43,811 INFO sqlalchemy.engine.Engine SELECT watch_data.id AS watch_data_id, watch_data.user_id AS watch_data_user_id, watch_data.source AS watch_data_source, watch_data.timestamp AS watch_data_timestamp, watch_data.heart_rate AS watch_data_heart_rate, watch_data.hrv AS watch_data_hrv, watch_data.spo2 AS watch_data_spo2, watch_data.steps AS watch_data_steps, watch_data.sleep_stage AS watch_data_sleep_stage, watch_data.blood_pressure_systolic AS watch_data_blood_pressure_systolic, watch_data.blood_pressure_diastolic AS watch_data_blood_pressure_diastolic, watch_data.calories_burned AS watch_data_calories_burned, watch_data.activity_minutes AS watch_data_activity_minutes, watch_data.raw_data AS watch_data_raw_data 
FROM watch_data 
WHERE watch_data.source = ? ORDER BY watch_data.timestamp DESC
 LIMIT ? OFFSET ?
2026-04-06 03:30:43,812 INFO sqlalchemy.engine.Engine [cached since 20.07s ago] ('health_connect', 1, 0)
📱 HEALTH_CONNECT ONLY: HR=71.0 SpO2=None HRV=None Steps=43
2026-04-06 03:30:43,813 INFO sqlalchemy.engine.Engine SELECT alert_configs.id AS alert_configs_id, alert_configs.user_id AS alert_configs_user_id, alert_configs.metric AS alert_configs_metric, alert_configs.threshold_value AS alert_configs_threshold_value, alert_configs.direction AS alert_configs_direction, alert_configs.enabled AS alert_configs_enabled, alert_configs.notify_email AS alert_configs_notify_email, alert_configs.notify_push AS alert_configs_notify_push, alert_configs.created_at AS alert_configs_created_at 
FROM alert_configs 
WHERE alert_configs.user_id = ? AND alert_configs.enabled = 1
2026-04-06 03:30:43,813 INFO sqlalchemy.engine.Engine [cached since 20.06s ago] (1,)
2026-04-06 03:30:43,813 INFO sqlalchemy.engine.Engine ROLLBACK
2026-04-06 03:30:45,815 INFO sqlalchemy.engine.Engine BEGIN (implicit)
2026-04-06 03:30:45,815 INFO sqlalchemy.engine.Engine SELECT watch_data.id AS watch_data_id, watch_data.user_id AS watch_data_user_id, watch_data.source AS watch_data_source, watch_data.timestamp AS watch_data_timestamp, watch_data.heart_rate AS watch_data_heart_rate, watch_data.hrv AS watch_data_hrv, watch_data.spo2 AS watch_data_spo2, watch_data.steps AS watch_data_steps, watch_data.sleep_stage AS watch_data_sleep_stage, watch_data.blood_pressure_systolic AS watch_data_blood_pressure_systolic, watch_data.blood_pressure_diastolic AS watch_data_blood_pressure_diastolic, watch_data.calories_burned AS watch_data_calories_burned, watch_data.activity_minutes AS watch_data_activity_minutes, watch_data.raw_data AS watch_data_raw_data 
FROM watch_data 
WHERE watch_data.source = ? ORDER BY watch_data.timestamp DESC
 LIMIT ? OFFSET ?
2026-04-06 03:30:45,816 INFO sqlalchemy.engine.Engine [cached since 22.07s ago] ('health_connect', 1, 0)
📱 HEALTH_CONNECT ONLY: HR=71.0 SpO2=None HRV=None Steps=43
2026-04-06 03:30:45,817 INFO sqlalchemy.engine.Engine SELECT alert_configs.id AS alert_configs_id, alert_configs.user_id AS alert_configs_user_id, alert_configs.metric AS alert_configs_metric, alert_configs.threshold_value AS alert_configs_threshold_value, alert_configs.direction AS alert_configs_direction, alert_configs.enabled AS alert_configs_enabled, alert_configs.notify_email AS alert_configs_notify_email, alert_configs.notify_push AS alert_configs_notify_push, alert_configs.created_at AS alert_configs_created_at 
FROM alert_configs 
WHERE alert_configs.user_id = ? AND alert_configs.enabled = 1
2026-04-06 03:30:45,817 INFO sqlalchemy.engine.Engine [cached since 22.06s ago] (1,)
2026-04-06 03:30:45,818 INFO sqlalchemy.engine.Engine ROLLBACK
2026-04-06 03:30:47,821 INFO sqlalchemy.engine.Engine BEGIN (implicit)
2026-04-06 03:30:47,821 INFO sqlalchemy.engine.Engine SELECT watch_data.id AS watch_data_id, watch_data.user_id AS watch_data_user_id, watch_data.source AS watch_data_source, watch_data.timestamp AS watch_data_timestamp, watch_data.heart_rate AS watch_data_heart_rate, watch_data.hrv AS watch_data_hrv, watch_data.spo2 AS watch_data_spo2, watch_data.steps AS watch_data_steps, watch_data.sleep_stage AS watch_data_sleep_stage, watch_data.blood_pressure_systolic AS watch_data_blood_pressure_systolic, watch_data.blood_pressure_diastolic AS watch_data_blood_pressure_diastolic, watch_data.calories_burned AS watch_data_calories_burned, watch_data.activity_minutes AS watch_data_activity_minutes, watch_data.raw_data AS watch_data_raw_data 
FROM watch_data 
WHERE watch_data.source = ? ORDER BY watch_data.timestamp DESC
 LIMIT ? OFFSET ?
2026-04-06 03:30:47,821 INFO sqlalchemy.engine.Engine [cached since 24.08s ago] ('health_connect', 1, 0)
📱 HEALTH_CONNECT ONLY: HR=71.0 SpO2=None HRV=None Steps=43
2026-04-06 03:30:47,823 INFO sqlalchemy.engine.Engine SELECT alert_configs.id AS alert_configs_id, alert_configs.user_id AS alert_configs_user_id, alert_configs.metric AS alert_configs_metric, alert_configs.threshold_value AS alert_configs_threshold_value, alert_configs.direction AS alert_configs_direction, alert_configs.enabled AS alert_configs_enabled, alert_configs.notify_email AS alert_configs_notify_email, alert_configs.notify_push AS alert_configs_notify_push, alert_configs.created_at AS alert_configs_created_at 
FROM alert_configs 
WHERE alert_configs.user_id = ? AND alert_configs.enabled = 1
2026-04-06 03:30:47,823 INFO sqlalchemy.engine.Engine [cached since 24.07s ago] (1,)
2026-04-06 03:30:47,823 INFO sqlalchemy.engine.Engine ROLLBACK
2026-04-06 03:30:49,826 INFO sqlalchemy.engine.Engine BEGIN (implicit)
2026-04-06 03:30:49,827 INFO sqlalchemy.engine.Engine SELECT watch_data.id AS watch_data_id, watch_data.user_id AS watch_data_user_id, watch_data.source AS watch_data_source, watch_data.timestamp AS watch_data_timestamp, watch_data.heart_rate AS watch_data_heart_rate, watch_data.hrv AS watch_data_hrv, watch_data.spo2 AS watch_data_spo2, watch_data.steps AS watch_data_steps, watch_data.sleep_stage AS watch_data_sleep_stage, watch_data.blood_pressure_systolic AS watch_data_blood_pressure_systolic, watch_data.blood_pressure_diastolic AS watch_data_blood_pressure_diastolic, watch_data.calories_burned AS watch_data_calories_burned, watch_data.activity_minutes AS watch_data_activity_minutes, watch_data.raw_data AS watch_data_raw_data 
FROM watch_data 
WHERE watch_data.source = ? ORDER BY watch_data.timestamp DESC
 LIMIT ? OFFSET ?
2026-04-06 03:30:49,827 INFO sqlalchemy.engine.Engine [cached since 26.08s ago] ('health_connect', 1, 0)
📱 HEALTH_CONNECT ONLY: HR=71.0 SpO2=None HRV=None Steps=43
2026-04-06 03:30:49,829 INFO sqlalchemy.engine.Engine SELECT alert_configs.id AS alert_configs_id, alert_configs.user_id AS alert_configs_user_id, alert_configs.metric AS alert_configs_metric, alert_configs.threshold_value AS alert_configs_threshold_value, alert_configs.direction AS alert_configs_direction, alert_configs.enabled AS alert_configs_enabled, alert_configs.notify_email AS alert_configs_notify_email, alert_configs.notify_push AS alert_configs_notify_push, alert_configs.created_at AS alert_configs_created_at 
FROM alert_configs 
WHERE alert_configs.user_id = ? AND alert_configs.enabled = 1
2026-04-06 03:30:49,829 INFO sqlalchemy.engine.Engine [cached since 26.07s ago] (1,)
2026-04-06 03:30:49,829 INFO sqlalchemy.engine.Engine ROLLBACK
INFO:     127.0.0.1:60181 - "POST /api/v1/data/sync/all HTTP/1.1" 200 OK
2026-04-06 03:30:51,832 INFO sqlalchemy.engine.Engine BEGIN (implicit)
2026-04-06 03:30:51,832 INFO sqlalchemy.engine.Engine SELECT watch_data.id AS watch_data_id, watch_data.user_id AS watch_data_user_id, watch_data.source AS watch_data_source, watch_data.timestamp AS watch_data_timestamp, watch_data.heart_rate AS watch_data_heart_rate, watch_data.hrv AS watch_data_hrv, watch_data.spo2 AS watch_data_spo2, watch_data.steps AS watch_data_steps, watch_data.sleep_stage AS watch_data_sleep_stage, watch_data.blood_pressure_systolic AS watch_data_blood_pressure_systolic, watch_data.blood_pressure_diastolic AS watch_data_blood_pressure_diastolic, watch_data.calories_burned AS watch_data_calories_burned, watch_data.activity_minutes AS watch_data_activity_minutes, watch_data.raw_data AS watch_data_raw_data 
FROM watch_data 
WHERE watch_data.source = ? ORDER BY watch_data.timestamp DESC
 LIMIT ? OFFSET ?
2026-04-06 03:30:51,832 INFO sqlalchemy.engine.Engine [cached since 28.09s ago] ('health_connect', 1, 0)
📱 HEALTH_CONNECT ONLY: HR=71.0 SpO2=None HRV=None Steps=43
2026-04-06 03:30:51,834 INFO sqlalchemy.engine.Engine SELECT alert_configs.id AS alert_configs_id, alert_configs.user_id AS alert_configs_user_id, alert_configs.metric AS alert_configs_metric, alert_configs.threshold_value AS alert_configs_threshold_value, alert_configs.direction AS alert_configs_direction, alert_configs.enabled AS alert_configs_enabled, alert_configs.notify_email AS alert_configs_notify_email, alert_configs.notify_push AS alert_configs_notify_push, alert_configs.created_at AS alert_configs_created_at 
FROM alert_configs 
WHERE alert_configs.user_id = ? AND alert_configs.enabled = 1
2026-04-06 03:30:51,834 INFO sqlalchemy.engine.Engine [cached since 28.08s ago] (1,)
2026-04-06 03:30:51,835 INFO sqlalchemy.engine.Engine ROLLBACK
INFO:     127.0.0.1:60183 - "POST /api/v1/data/sync/all HTTP/1.1" 200 OK
2026-04-06 03:30:53,837 INFO sqlalchemy.engine.Engine BEGIN (implicit)
2026-04-06 03:30:53,838 INFO sqlalchemy.engine.Engine SELECT watch_data.id AS watch_data_id, watch_data.user_id AS watch_data_user_id, watch_data.source AS watch_data_source, watch_data.timestamp AS watch_data_timestamp, watch_data.heart_rate AS watch_data_heart_rate, watch_data.hrv AS watch_data_hrv, watch_data.spo2 AS watch_data_spo2, watch_data.steps AS watch_data_steps, watch_data.sleep_stage AS watch_data_sleep_stage, watch_data.blood_pressure_systolic AS watch_data_blood_pressure_systolic, watch_data.blood_pressure_diastolic AS watch_data_blood_pressure_diastolic, watch_data.calories_burned AS watch_data_calories_burned, watch_data.activity_minutes AS watch_data_activity_minutes, watch_data.raw_data AS watch_data_raw_data 
FROM watch_data 
WHERE watch_data.source = ? ORDER BY watch_data.timestamp DESC
 LIMIT ? OFFSET ?
2026-04-06 03:30:53,838 INFO sqlalchemy.engine.Engine [cached since 30.09s ago] ('health_connect', 1, 0)
📱 HEALTH_CONNECT ONLY: HR=71.0 SpO2=None HRV=None Steps=43
2026-04-06 03:30:53,838 INFO sqlalchemy.engine.Engine SELECT alert_configs.id AS alert_configs_id, alert_configs.user_id AS alert_configs_user_id, alert_configs.metric AS alert_configs_metric, alert_configs.threshold_value AS alert_configs_threshold_value, alert_configs.direction AS alert_configs_direction, alert_configs.enabled AS alert_configs_enabled, alert_configs.notify_email AS alert_configs_notify_email, alert_configs.notify_push AS alert_configs_notify_push, alert_configs.created_at AS alert_configs_created_at 
FROM alert_configs 
WHERE alert_configs.user_id = ? AND alert_configs.enabled = 1
2026-04-06 03:30:53,838 INFO sqlalchemy.engine.Engine [cached since 30.08s ago] (1,)
2026-04-06 03:30:53,839 INFO sqlalchemy.engine.Engine ROLLBACK
2026-04-06 03:30:55,841 INFO sqlalchemy.engine.Engine BEGIN (implicit)
2026-04-06 03:30:55,841 INFO sqlalchemy.engine.Engine SELECT watch_data.id AS watch_data_id, watch_data.user_id AS watch_data_user_id, watch_data.source AS watch_data_source, watch_data.timestamp AS watch_data_timestamp, watch_data.heart_rate AS watch_data_heart_rate, watch_data.hrv AS watch_data_hrv, watch_data.spo2 AS watch_data_spo2, watch_data.steps AS watch_data_steps, watch_data.sleep_stage AS watch_data_sleep_stage, watch_data.blood_pressure_systolic AS watch_data_blood_pressure_systolic, watch_data.blood_pressure_diastolic AS watch_data_blood_pressure_diastolic, watch_data.calories_burned AS watch_data_calories_burned, watch_data.activity_minutes AS watch_data_activity_minutes, watch_data.raw_data AS watch_data_raw_data 
FROM watch_data 
WHERE watch_data.source = ? ORDER BY watch_data.timestamp DESC
 LIMIT ? OFFSET ?
2026-04-06 03:30:55,842 INFO sqlalchemy.engine.Engine [cached since 32.1s ago] ('health_connect', 1, 0)
📱 HEALTH_CONNECT ONLY: HR=71.0 SpO2=None HRV=None Steps=43
2026-04-06 03:30:55,844 INFO sqlalchemy.engine.Engine SELECT alert_configs.id AS alert_configs_id, alert_configs.user_id AS alert_configs_user_id, alert_configs.metric AS alert_configs_metric, alert_configs.threshold_value AS alert_configs_threshold_value, alert_configs.direction AS alert_configs_direction, alert_configs.enabled AS alert_configs_enabled, alert_configs.notify_email AS alert_configs_notify_email, alert_configs.notify_push AS alert_configs_notify_push, alert_configs.created_at AS alert_configs_created_at 
FROM alert_configs 
WHERE alert_configs.user_id = ? AND alert_configs.enabled = 1
2026-04-06 03:30:55,844 INFO sqlalchemy.engine.Engine [cached since 32.09s ago] (1,)
2026-04-06 03:30:55,845 INFO sqlalchemy.engine.Engine ROLLBACK
2026-04-06 03:30:57,847 INFO sqlalchemy.engine.Engine BEGIN (implicit)
2026-04-06 03:30:57,847 INFO sqlalchemy.engine.Engine SELECT watch_data.id AS watch_data_id, watch_data.user_id AS watch_data_user_id, watch_data.source AS watch_data_source, watch_data.timestamp AS watch_data_timestamp, watch_data.heart_rate AS watch_data_heart_rate, watch_data.hrv AS watch_data_hrv, watch_data.spo2 AS watch_data_spo2, watch_data.steps AS watch_data_steps, watch_data.sleep_stage AS watch_data_sleep_stage, watch_data.blood_pressure_systolic AS watch_data_blood_pressure_systolic, watch_data.blood_pressure_diastolic AS watch_data_blood_pressure_diastolic, watch_data.calories_burned AS watch_data_calories_burned, watch_data.activity_minutes AS watch_data_activity_minutes, watch_data.raw_data AS watch_data_raw_data 
FROM watch_data 
WHERE watch_data.source = ? ORDER BY watch_data.timestamp DESC
 LIMIT ? OFFSET ?
2026-04-06 03:30:57,848 INFO sqlalchemy.engine.Engine [cached since 34.1s ago] ('health_connect', 1, 0)
📱 HEALTH_CONNECT ONLY: HR=71.0 SpO2=None HRV=None Steps=43
2026-04-06 03:30:57,849 INFO sqlalchemy.engine.Engine SELECT alert_configs.id AS alert_configs_id, alert_configs.user_id AS alert_configs_user_id, alert_configs.metric AS alert_configs_metric, alert_configs.threshold_value AS alert_configs_threshold_value, alert_configs.direction AS alert_configs_direction, alert_configs.enabled AS alert_configs_enabled, alert_configs.notify_email AS alert_configs_notify_email, alert_configs.notify_push AS alert_configs_notify_push, alert_configs.created_at AS alert_configs_created_at 
FROM alert_configs 
WHERE alert_configs.user_id = ? AND alert_configs.enabled = 1
2026-04-06 03:30:57,849 INFO sqlalchemy.engine.Engine [cached since 34.09s ago] (1,)
2026-04-06 03:30:57,849 INFO sqlalchemy.engine.Engine ROLLBACK
2026-04-06 03:30:59,851 INFO sqlalchemy.engine.Engine BEGIN (implicit)
2026-04-06 03:30:59,851 INFO sqlalchemy.engine.Engine SELECT watch_data.id AS watch_data_id, watch_data.user_id AS watch_data_user_id, watch_data.source AS watch_data_source, watch_data.timestamp AS watch_data_timestamp, watch_data.heart_rate AS watch_data_heart_rate, watch_data.hrv AS watch_data_hrv, watch_data.spo2 AS watch_data_spo2, watch_data.steps AS watch_data_steps, watch_data.sleep_stage AS watch_data_sleep_stage, watch_data.blood_pressure_systolic AS watch_data_blood_pressure_systolic, watch_data.blood_pressure_diastolic AS watch_data_blood_pressure_diastolic, watch_data.calories_burned AS watch_data_calories_burned, watch_data.activity_minutes AS watch_data_activity_minutes, watch_data.raw_data AS watch_data_raw_data 
FROM watch_data 
WHERE watch_data.source = ? ORDER BY watch_data.timestamp DESC
 LIMIT ? OFFSET ?
2026-04-06 03:30:59,851 INFO sqlalchemy.engine.Engine [cached since 36.11s ago] ('health_connect', 1, 0)
📱 HEALTH_CONNECT ONLY: HR=71.0 SpO2=None HRV=None Steps=43
2026-04-06 03:30:59,853 INFO sqlalchemy.engine.Engine SELECT alert_configs.id AS alert_configs_id, alert_configs.user_id AS alert_configs_user_id, alert_configs.metric AS alert_configs_metric, alert_configs.threshold_value AS alert_configs_threshold_value, alert_configs.direction AS alert_configs_direction, alert_configs.enabled AS alert_configs_enabled, alert_configs.notify_email AS alert_configs_notify_email, alert_configs.notify_push AS alert_configs_notify_push, alert_configs.created_at AS alert_configs_created_at 
FROM alert_configs 
WHERE alert_configs.user_id = ? AND alert_configs.enabled = 1
2026-04-06 03:30:59,853 INFO sqlalchemy.engine.Engine [cached since 36.1s ago] (1,)
2026-04-06 03:30:59,853 INFO sqlalchemy.engine.Engine ROLLBACK
2026-04-06 03:31:01,856 INFO sqlalchemy.engine.Engine BEGIN (implicit)
2026-04-06 03:31:01,856 INFO sqlalchemy.engine.Engine SELECT watch_data.id AS watch_data_id, watch_data.user_id AS watch_data_user_id, watch_data.source AS watch_data_source, watch_data.timestamp AS watch_data_timestamp, watch_data.heart_rate AS watch_data_heart_rate, watch_data.hrv AS watch_data_hrv, watch_data.spo2 AS watch_data_spo2, watch_data.steps AS watch_data_steps, watch_data.sleep_stage AS watch_data_sleep_stage, watch_data.blood_pressure_systolic AS watch_data_blood_pressure_systolic, watch_data.blood_pressure_diastolic AS watch_data_blood_pressure_diastolic, watch_data.calories_burned AS watch_data_calories_burned, watch_data.activity_minutes AS watch_data_activity_minutes, watch_data.raw_data AS watch_data_raw_data 
FROM watch_data 
WHERE watch_data.source = ? ORDER BY watch_data.timestamp DESC
 LIMIT ? OFFSET ?
2026-04-06 03:31:01,856 INFO sqlalchemy.engine.Engine [cached since 38.11s ago] ('health_connect', 1, 0)
📱 HEALTH_CONNECT ONLY: HR=71.0 SpO2=None HRV=None Steps=43
2026-04-06 03:31:01,858 INFO sqlalchemy.engine.Engine SELECT alert_configs.id AS alert_configs_id, alert_configs.user_id AS alert_configs_user_id, alert_configs.metric AS alert_configs_metric, alert_configs.threshold_value AS alert_configs_threshold_value, alert_configs.direction AS alert_configs_direction, alert_configs.enabled AS alert_configs_enabled, alert_configs.notify_email AS alert_configs_notify_email, alert_configs.notify_push AS alert_configs_notify_push, alert_configs.created_at AS alert_configs_created_at 
FROM alert_configs 
WHERE alert_configs.user_id = ? AND alert_configs.enabled = 1
2026-04-06 03:31:01,858 INFO sqlalchemy.engine.Engine [cached since 38.1s ago] (1,)
2026-04-06 03:31:01,858 INFO sqlalchemy.engine.Engine ROLLBACK
2026-04-06 03:31:03,861 INFO sqlalchemy.engine.Engine BEGIN (implicit)
2026-04-06 03:31:03,862 INFO sqlalchemy.engine.Engine SELECT watch_data.id AS watch_data_id, watch_data.user_id AS watch_data_user_id, watch_data.source AS watch_data_source, watch_data.timestamp AS watch_data_timestamp, watch_data.heart_rate AS watch_data_heart_rate, watch_data.hrv AS watch_data_hrv, watch_data.spo2 AS watch_data_spo2, watch_data.steps AS watch_data_steps, watch_data.sleep_stage AS watch_data_sleep_stage, watch_data.blood_pressure_systolic AS watch_data_blood_pressure_systolic, watch_data.blood_pressure_diastolic AS watch_data_blood_pressure_diastolic, watch_data.calories_burned AS watch_data_calories_burned, watch_data.activity_minutes AS watch_data_activity_minutes, watch_data.raw_data AS watch_data_raw_data 
FROM watch_data 
WHERE watch_data.source = ? ORDER BY watch_data.timestamp DESC
 LIMIT ? OFFSET ?
2026-04-06 03:31:03,862 INFO sqlalchemy.engine.Engine [cached since 40.12s ago] ('health_connect', 1, 0)
📱 HEALTH_CONNECT ONLY: HR=71.0 SpO2=None HRV=None Steps=43
2026-04-06 03:31:03,863 INFO sqlalchemy.engine.Engine SELECT alert_configs.id AS alert_configs_id, alert_configs.user_id AS alert_configs_user_id, alert_configs.metric AS alert_configs_metric, alert_configs.threshold_value AS alert_configs_threshold_value, alert_configs.direction AS alert_configs_direction, alert_configs.enabled AS alert_configs_enabled, alert_configs.notify_email AS alert_configs_notify_email, alert_configs.notify_push AS alert_configs_notify_push, alert_configs.created_at AS alert_configs_created_at 
FROM alert_configs 
WHERE alert_configs.user_id = ? AND alert_configs.enabled = 1
2026-04-06 03:31:03,863 INFO sqlalchemy.engine.Engine [cached since 40.11s ago] (1,)
2026-04-06 03:31:03,864 INFO sqlalchemy.engine.Engine ROLLBACK
INFO:     127.0.0.1:60187 - "POST /api/v1/data/sync/all HTTP/1.1" 200 OK
2026-04-06 03:31:05,866 INFO sqlalchemy.engine.Engine BEGIN (implicit)
2026-04-06 03:31:05,866 INFO sqlalchemy.engine.Engine SELECT watch_data.id AS watch_data_id, watch_data.user_id AS watch_data_user_id, watch_data.source AS watch_data_source, watch_data.timestamp AS watch_data_timestamp, watch_data.heart_rate AS watch_data_heart_rate, watch_data.hrv AS watch_data_hrv, watch_data.spo2 AS watch_data_spo2, watch_data.steps AS watch_data_steps, watch_data.sleep_stage AS watch_data_sleep_stage, watch_data.blood_pressure_systolic AS watch_data_blood_pressure_systolic, watch_data.blood_pressure_diastolic AS watch_data_blood_pressure_diastolic, watch_data.calories_burned AS watch_data_calories_burned, watch_data.activity_minutes AS watch_data_activity_minutes, watch_data.raw_data AS watch_data_raw_data 
FROM watch_data 
WHERE watch_data.source = ? ORDER BY watch_data.timestamp DESC
 LIMIT ? OFFSET ?
2026-04-06 03:31:05,867 INFO sqlalchemy.engine.Engine [cached since 42.12s ago] ('health_connect', 1, 0)
📱 HEALTH_CONNECT ONLY: HR=71.0 SpO2=None HRV=None Steps=43
2026-04-06 03:31:05,868 INFO sqlalchemy.engine.Engine SELECT alert_configs.id AS alert_configs_id, alert_configs.user_id AS alert_configs_user_id, alert_configs.metric AS alert_configs_metric, alert_configs.threshold_value AS alert_configs_threshold_value, alert_configs.direction AS alert_configs_direction, alert_configs.enabled AS alert_configs_enabled, alert_configs.notify_email AS alert_configs_notify_email, alert_configs.notify_push AS alert_configs_notify_push, alert_configs.created_at AS alert_configs_created_at 
FROM alert_configs 
WHERE alert_configs.user_id = ? AND alert_configs.enabled = 1
2026-04-06 03:31:05,868 INFO sqlalchemy.engine.Engine [cached since 42.11s ago] (1,)
2026-04-06 03:31:05,869 INFO sqlalchemy.engine.Engine ROLLBACK
2026-04-06 03:31:07,870 INFO sqlalchemy.engine.Engine BEGIN (implicit)
2026-04-06 03:31:07,871 INFO sqlalchemy.engine.Engine SELECT watch_data.id AS watch_data_id, watch_data.user_id AS watch_data_user_id, watch_data.source AS watch_data_source, watch_data.timestamp AS watch_data_timestamp, watch_data.heart_rate AS watch_data_heart_rate, watch_data.hrv AS watch_data_hrv, watch_data.spo2 AS watch_data_spo2, watch_data.steps AS watch_data_steps, watch_data.sleep_stage AS watch_data_sleep_stage, watch_data.blood_pressure_systolic AS watch_data_blood_pressure_systolic, watch_data.blood_pressure_diastolic AS watch_data_blood_pressure_diastolic, watch_data.calories_burned AS watch_data_calories_burned, watch_data.activity_minutes AS watch_data_activity_minutes, watch_data.raw_data AS watch_data_raw_data 
FROM watch_data 
WHERE watch_data.source = ? ORDER BY watch_data.timestamp DESC
 LIMIT ? OFFSET ?
2026-04-06 03:31:07,871 INFO sqlalchemy.engine.Engine [cached since 44.13s ago] ('health_connect', 1, 0)
📱 HEALTH_CONNECT ONLY: HR=71.0 SpO2=None HRV=None Steps=43
2026-04-06 03:31:07,872 INFO sqlalchemy.engine.Engine SELECT alert_configs.id AS alert_configs_id, alert_configs.user_id AS alert_configs_user_id, alert_configs.metric AS alert_configs_metric, alert_configs.threshold_value AS alert_configs_threshold_value, alert_configs.direction AS alert_configs_direction, alert_configs.enabled AS alert_configs_enabled, alert_configs.notify_email AS alert_configs_notify_email, alert_configs.notify_push AS alert_configs_notify_push, alert_configs.created_at AS alert_configs_created_at 
FROM alert_configs 
WHERE alert_configs.user_id = ? AND alert_configs.enabled = 1
2026-04-06 03:31:07,872 INFO sqlalchemy.engine.Engine [cached since 44.12s ago] (1,)
2026-04-06 03:31:07,873 INFO sqlalchemy.engine.Engine ROLLBACK
2026-04-06 03:31:09,874 INFO sqlalchemy.engine.Engine BEGIN (implicit)
2026-04-06 03:31:09,875 INFO sqlalchemy.engine.Engine SELECT watch_data.id AS watch_data_id, watch_data.user_id AS watch_data_user_id, watch_data.source AS watch_data_source, watch_data.timestamp AS watch_data_timestamp, watch_data.heart_rate AS watch_data_heart_rate, watch_data.hrv AS watch_data_hrv, watch_data.spo2 AS watch_data_spo2, watch_data.steps AS watch_data_steps, watch_data.sleep_stage AS watch_data_sleep_stage, watch_data.blood_pressure_systolic AS watch_data_blood_pressure_systolic, watch_data.blood_pressure_diastolic AS watch_data_blood_pressure_diastolic, watch_data.calories_burned AS watch_data_calories_burned, watch_data.activity_minutes AS watch_data_activity_minutes, watch_data.raw_data AS watch_data_raw_data 
FROM watch_data 
WHERE watch_data.source = ? ORDER BY watch_data.timestamp DESC
 LIMIT ? OFFSET ?
2026-04-06 03:31:09,875 INFO sqlalchemy.engine.Engine [cached since 46.13s ago] ('health_connect', 1, 0)
📱 HEALTH_CONNECT ONLY: HR=71.0 SpO2=None HRV=None Steps=43
2026-04-06 03:31:09,877 INFO sqlalchemy.engine.Engine SELECT alert_configs.id AS alert_configs_id, alert_configs.user_id AS alert_configs_user_id, alert_configs.metric AS alert_configs_metric, alert_configs.threshold_value AS alert_configs_threshold_value, alert_configs.direction AS alert_configs_direction, alert_configs.enabled AS alert_configs_enabled, alert_configs.notify_email AS alert_configs_notify_email, alert_configs.notify_push AS alert_configs_notify_push, alert_configs.created_at AS alert_configs_created_at 
FROM alert_configs 
WHERE alert_configs.user_id = ? AND alert_configs.enabled = 1
2026-04-06 03:31:09,877 INFO sqlalchemy.engine.Engine [cached since 46.12s ago] (1,)
2026-04-06 03:31:09,878 INFO sqlalchemy.engine.Engine ROLLBACK
2026-04-06 03:31:11,880 INFO sqlalchemy.engine.Engine BEGIN (implicit)
2026-04-06 03:31:11,880 INFO sqlalchemy.engine.Engine SELECT watch_data.id AS watch_data_id, watch_data.user_id AS watch_data_user_id, watch_data.source AS watch_data_source, watch_data.timestamp AS watch_data_timestamp, watch_data.heart_rate AS watch_data_heart_rate, watch_data.hrv AS watch_data_hrv, watch_data.spo2 AS watch_data_spo2, watch_data.steps AS watch_data_steps, watch_data.sleep_stage AS watch_data_sleep_stage, watch_data.blood_pressure_systolic AS watch_data_blood_pressure_systolic, watch_data.blood_pressure_diastolic AS watch_data_blood_pressure_diastolic, watch_data.calories_burned AS watch_data_calories_burned, watch_data.activity_minutes AS watch_data_activity_minutes, watch_data.raw_data AS watch_data_raw_data 
FROM watch_data 
WHERE watch_data.source = ? ORDER BY watch_data.timestamp DESC
 LIMIT ? OFFSET ?
2026-04-06 03:31:11,880 INFO sqlalchemy.engine.Engine [cached since 48.13s ago] ('health_connect', 1, 0)
📱 HEALTH_CONNECT ONLY: HR=71.0 SpO2=None HRV=None Steps=43
2026-04-06 03:31:11,881 INFO sqlalchemy.engine.Engine SELECT alert_configs.id AS alert_configs_id, alert_configs.user_id AS alert_configs_user_id, alert_configs.metric AS alert_configs_metric, alert_configs.threshold_value AS alert_configs_threshold_value, alert_configs.direction AS alert_configs_direction, alert_configs.enabled AS alert_configs_enabled, alert_configs.notify_email AS alert_configs_notify_email, alert_configs.notify_push AS alert_configs_notify_push, alert_configs.created_at AS alert_configs_created_at 
FROM alert_configs 
WHERE alert_configs.user_id = ? AND alert_configs.enabled = 1
2026-04-06 03:31:11,882 INFO sqlalchemy.engine.Engine [cached since 48.12s ago] (1,)
2026-04-06 03:31:11,882 INFO sqlalchemy.engine.Engine ROLLBACK
2026-04-06 03:31:13,885 INFO sqlalchemy.engine.Engine BEGIN (implicit)
2026-04-06 03:31:13,885 INFO sqlalchemy.engine.Engine SELECT watch_data.id AS watch_data_id, watch_data.user_id AS watch_data_user_id, watch_data.source AS watch_data_source, watch_data.timestamp AS watch_data_timestamp, watch_data.heart_rate AS watch_data_heart_rate, watch_data.hrv AS watch_data_hrv, watch_data.spo2 AS watch_data_spo2, watch_data.steps AS watch_data_steps, watch_data.sleep_stage AS watch_data_sleep_stage, watch_data.blood_pressure_systolic AS watch_data_blood_pressure_systolic, watch_data.blood_pressure_diastolic AS watch_data_blood_pressure_diastolic, watch_data.calories_burned AS watch_data_calories_burned, watch_data.activity_minutes AS watch_data_activity_minutes, watch_data.raw_data AS watch_data_raw_data 
FROM watch_data 
WHERE watch_data.source = ? ORDER BY watch_data.timestamp DESC
 LIMIT ? OFFSET ?
2026-04-06 03:31:13,886 INFO sqlalchemy.engine.Engine [cached since 50.14s ago] ('health_connect', 1, 0)
📱 HEALTH_CONNECT ONLY: HR=71.0 SpO2=None HRV=None Steps=43
2026-04-06 03:31:13,887 INFO sqlalchemy.engine.Engine SELECT alert_configs.id AS alert_configs_id, alert_configs.user_id AS alert_configs_user_id, alert_configs.metric AS alert_configs_metric, alert_configs.threshold_value AS alert_configs_threshold_value, alert_configs.direction AS alert_configs_direction, alert_configs.enabled AS alert_configs_enabled, alert_configs.notify_email AS alert_configs_notify_email, alert_configs.notify_push AS alert_configs_notify_push, alert_configs.created_at AS alert_configs_created_at 
FROM alert_configs 
WHERE alert_configs.user_id = ? AND alert_configs.enabled = 1
2026-04-06 03:31:13,887 INFO sqlalchemy.engine.Engine [cached since 50.13s ago] (1,)
2026-04-06 03:31:13,887 INFO sqlalchemy.engine.Engine ROLLBACK
2026-04-06 03:31:15,889 INFO sqlalchemy.engine.Engine BEGIN (implicit)
2026-04-06 03:31:15,890 INFO sqlalchemy.engine.Engine SELECT watch_data.id AS watch_data_id, watch_data.user_id AS watch_data_user_id, watch_data.source AS watch_data_source, watch_data.timestamp AS watch_data_timestamp, watch_data.heart_rate AS watch_data_heart_rate, watch_data.hrv AS watch_data_hrv, watch_data.spo2 AS watch_data_spo2, watch_data.steps AS watch_data_steps, watch_data.sleep_stage AS watch_data_sleep_stage, watch_data.blood_pressure_systolic AS watch_data_blood_pressure_systolic, watch_data.blood_pressure_diastolic AS watch_data_blood_pressure_diastolic, watch_data.calories_burned AS watch_data_calories_burned, watch_data.activity_minutes AS watch_data_activity_minutes, watch_data.raw_data AS watch_data_raw_data 
FROM watch_data 
WHERE watch_data.source = ? ORDER BY watch_data.timestamp DESC
 LIMIT ? OFFSET ?
2026-04-06 03:31:15,890 INFO sqlalchemy.engine.Engine [cached since 52.14s ago] ('health_connect', 1, 0)
📱 HEALTH_CONNECT ONLY: HR=71.0 SpO2=None HRV=None Steps=43
2026-04-06 03:31:15,891 INFO sqlalchemy.engine.Engine SELECT alert_configs.id AS alert_configs_id, alert_configs.user_id AS alert_configs_user_id, alert_configs.metric AS alert_configs_metric, alert_configs.threshold_value AS alert_configs_threshold_value, alert_configs.direction AS alert_configs_direction, alert_configs.enabled AS alert_configs_enabled, alert_configs.notify_email AS alert_configs_notify_email, alert_configs.notify_push AS alert_configs_notify_push, alert_configs.created_at AS alert_configs_created_at 
FROM alert_configs 
WHERE alert_configs.user_id = ? AND alert_configs.enabled = 1
2026-04-06 03:31:15,892 INFO sqlalchemy.engine.Engine [cached since 52.13s ago] (1,)
2026-04-06 03:31:15,892 INFO sqlalchemy.engine.Engine ROLLBACK
2026-04-06 03:31:17,894 INFO sqlalchemy.engine.Engine BEGIN (implicit)
2026-04-06 03:31:17,895 INFO sqlalchemy.engine.Engine SELECT watch_data.id AS watch_data_id, watch_data.user_id AS watch_data_user_id, watch_data.source AS watch_data_source, watch_data.timestamp AS watch_data_timestamp, watch_data.heart_rate AS watch_data_heart_rate, watch_data.hrv AS watch_data_hrv, watch_data.spo2 AS watch_data_spo2, watch_data.steps AS watch_data_steps, watch_data.sleep_stage AS watch_data_sleep_stage, watch_data.blood_pressure_systolic AS watch_data_blood_pressure_systolic, watch_data.blood_pressure_diastolic AS watch_data_blood_pressure_diastolic, watch_data.calories_burned AS watch_data_calories_burned, watch_data.activity_minutes AS watch_data_activity_minutes, watch_data.raw_data AS watch_data_raw_data 
FROM watch_data 
WHERE watch_data.source = ? ORDER BY watch_data.timestamp DESC
 LIMIT ? OFFSET ?
2026-04-06 03:31:17,895 INFO sqlalchemy.engine.Engine [cached since 54.15s ago] ('health_connect', 1, 0)
📱 HEALTH_CONNECT ONLY: HR=71.0 SpO2=None HRV=None Steps=43
2026-04-06 03:31:17,897 INFO sqlalchemy.engine.Engine SELECT alert_configs.id AS alert_configs_id, alert_configs.user_id AS alert_configs_user_id, alert_configs.metric AS alert_configs_metric, alert_configs.threshold_value AS alert_configs_threshold_value, alert_configs.direction AS alert_configs_direction, alert_configs.enabled AS alert_configs_enabled, alert_configs.notify_email AS alert_configs_notify_email, alert_configs.notify_push AS alert_configs_notify_push, alert_configs.created_at AS alert_configs_created_at 
FROM alert_configs 
WHERE alert_configs.user_id = ? AND alert_configs.enabled = 1
2026-04-06 03:31:17,897 INFO sqlalchemy.engine.Engine [cached since 54.14s ago] (1,)
2026-04-06 03:31:17,897 INFO sqlalchemy.engine.Engine ROLLBACK
2026-04-06 03:31:19,900 INFO sqlalchemy.engine.Engine BEGIN (implicit)
2026-04-06 03:31:19,901 INFO sqlalchemy.engine.Engine SELECT watch_data.id AS watch_data_id, watch_data.user_id AS watch_data_user_id, watch_data.source AS watch_data_source, watch_data.timestamp AS watch_data_timestamp, watch_data.heart_rate AS watch_data_heart_rate, watch_data.hrv AS watch_data_hrv, watch_data.spo2 AS watch_data_spo2, watch_data.steps AS watch_data_steps, watch_data.sleep_stage AS watch_data_sleep_stage, watch_data.blood_pressure_systolic AS watch_data_blood_pressure_systolic, watch_data.blood_pressure_diastolic AS watch_data_blood_pressure_diastolic, watch_data.calories_burned AS watch_data_calories_burned, watch_data.activity_minutes AS watch_data_activity_minutes, watch_data.raw_data AS watch_data_raw_data 
FROM watch_data 
WHERE watch_data.source = ? ORDER BY watch_data.timestamp DESC
 LIMIT ? OFFSET ?
2026-04-06 03:31:19,901 INFO sqlalchemy.engine.Engine [cached since 56.16s ago] ('health_connect', 1, 0)
📱 HEALTH_CONNECT ONLY: HR=71.0 SpO2=None HRV=None Steps=43
2026-04-06 03:31:19,903 INFO sqlalchemy.engine.Engine SELECT alert_configs.id AS alert_configs_id, alert_configs.user_id AS alert_configs_user_id, alert_configs.metric AS alert_configs_metric, alert_configs.threshold_value AS alert_configs_threshold_value, alert_configs.direction AS alert_configs_direction, alert_configs.enabled AS alert_configs_enabled, alert_configs.notify_email AS alert_configs_notify_email, alert_configs.notify_push AS alert_configs_notify_push, alert_configs.created_at AS alert_configs_created_at 
FROM alert_configs 
WHERE alert_configs.user_id = ? AND alert_configs.enabled = 1
2026-04-06 03:31:19,903 INFO sqlalchemy.engine.Engine [cached since 56.15s ago] (1,)
2026-04-06 03:31:19,903 INFO sqlalchemy.engine.Engine ROLLBACK
INFO:     127.0.0.1:60189 - "POST /api/v1/data/sync/all HTTP/1.1" 200 OK
2026-04-06 03:31:21,906 INFO sqlalchemy.engine.Engine BEGIN (implicit)
2026-04-06 03:31:21,906 INFO sqlalchemy.engine.Engine SELECT watch_data.id AS watch_data_id, watch_data.user_id AS watch_data_user_id, watch_data.source AS watch_data_source, watch_data.timestamp AS watch_data_timestamp, watch_data.heart_rate AS watch_data_heart_rate, watch_data.hrv AS watch_data_hrv, watch_data.spo2 AS watch_data_spo2, watch_data.steps AS watch_data_steps, watch_data.sleep_stage AS watch_data_sleep_stage, watch_data.blood_pressure_systolic AS watch_data_blood_pressure_systolic, watch_data.blood_pressure_diastolic AS watch_data_blood_pressure_diastolic, watch_data.calories_burned AS watch_data_calories_burned, watch_data.activity_minutes AS watch_data_activity_minutes, watch_data.raw_data AS watch_data_raw_data 
FROM watch_data 
WHERE watch_data.source = ? ORDER BY watch_data.timestamp DESC
 LIMIT ? OFFSET ?
2026-04-06 03:31:21,906 INFO sqlalchemy.engine.Engine [cached since 58.16s ago] ('health_connect', 1, 0)
📱 HEALTH_CONNECT ONLY: HR=71.0 SpO2=None HRV=None Steps=43
2026-04-06 03:31:21,908 INFO sqlalchemy.engine.Engine SELECT alert_configs.id AS alert_configs_id, alert_configs.user_id AS alert_configs_user_id, alert_configs.metric AS alert_configs_metric, alert_configs.threshold_value AS alert_configs_threshold_value, alert_configs.direction AS alert_configs_direction, alert_configs.enabled AS alert_configs_enabled, alert_configs.notify_email AS alert_configs_notify_email, alert_configs.notify_push AS alert_configs_notify_push, alert_configs.created_at AS alert_configs_created_at 
FROM alert_configs 
WHERE alert_configs.user_id = ? AND alert_configs.enabled = 1
2026-04-06 03:31:21,908 INFO sqlalchemy.engine.Engine [cached since 58.15s ago] (1,)
2026-04-06 03:31:21,908 INFO sqlalchemy.engine.Engine ROLLBACK
INFO:     127.0.0.1:60191 - "POST /api/v1/data/sync/all HTTP/1.1" 200 OK
2026-04-06 03:31:23,911 INFO sqlalchemy.engine.Engine BEGIN (implicit)
2026-04-06 03:31:23,911 INFO sqlalchemy.engine.Engine SELECT watch_data.id AS watch_data_id, watch_data.user_id AS watch_data_user_id, watch_data.source AS watch_data_source, watch_data.timestamp AS watch_data_timestamp, watch_data.heart_rate AS watch_data_heart_rate, watch_data.hrv AS watch_data_hrv, watch_data.spo2 AS watch_data_spo2, watch_data.steps AS watch_data_steps, watch_data.sleep_stage AS watch_data_sleep_stage, watch_data.blood_pressure_systolic AS watch_data_blood_pressure_systolic, watch_data.blood_pressure_diastolic AS watch_data_blood_pressure_diastolic, watch_data.calories_burned AS watch_data_calories_burned, watch_data.activity_minutes AS watch_data_activity_minutes, watch_data.raw_data AS watch_data_raw_data 
FROM watch_data 
WHERE watch_data.source = ? ORDER BY watch_data.timestamp DESC
 LIMIT ? OFFSET ?
2026-04-06 03:31:23,912 INFO sqlalchemy.engine.Engine [cached since 60.17s ago] ('health_connect', 1, 0)
📱 HEALTH_CONNECT ONLY: HR=71.0 SpO2=None HRV=None Steps=43
2026-04-06 03:31:23,913 INFO sqlalchemy.engine.Engine SELECT alert_configs.id AS alert_configs_id, alert_configs.user_id AS alert_configs_user_id, alert_configs.metric AS alert_configs_metric, alert_configs.threshold_value AS alert_configs_threshold_value, alert_configs.direction AS alert_configs_direction, alert_configs.enabled AS alert_configs_enabled, alert_configs.notify_email AS alert_configs_notify_email, alert_configs.notify_push AS alert_configs_notify_push, alert_configs.created_at AS alert_configs_created_at 
FROM alert_configs 
WHERE alert_configs.user_id = ? AND alert_configs.enabled = 1
2026-04-06 03:31:23,913 INFO sqlalchemy.engine.Engine [cached since 60.16s ago] (1,)
2026-04-06 03:31:23,913 INFO sqlalchemy.engine.Engine ROLLBACK
2026-04-06 03:31:25,915 INFO sqlalchemy.engine.Engine BEGIN (implicit)
2026-04-06 03:31:25,916 INFO sqlalchemy.engine.Engine SELECT watch_data.id AS watch_data_id, watch_data.user_id AS watch_data_user_id, watch_data.source AS watch_data_source, watch_data.timestamp AS watch_data_timestamp, watch_data.heart_rate AS watch_data_heart_rate, watch_data.hrv AS watch_data_hrv, watch_data.spo2 AS watch_data_spo2, watch_data.steps AS watch_data_steps, watch_data.sleep_stage AS watch_data_sleep_stage, watch_data.blood_pressure_systolic AS watch_data_blood_pressure_systolic, watch_data.blood_pressure_diastolic AS watch_data_blood_pressure_diastolic, watch_data.calories_burned AS watch_data_calories_burned, watch_data.activity_minutes AS watch_data_activity_minutes, watch_data.raw_data AS watch_data_raw_data 
FROM watch_data 
WHERE watch_data.source = ? ORDER BY watch_data.timestamp DESC
 LIMIT ? OFFSET ?
2026-04-06 03:31:25,916 INFO sqlalchemy.engine.Engine [cached since 62.17s ago] ('health_connect', 1, 0)
📱 HEALTH_CONNECT ONLY: HR=71.0 SpO2=None HRV=None Steps=43
2026-04-06 03:31:25,917 INFO sqlalchemy.engine.Engine SELECT alert_configs.id AS alert_configs_id, alert_configs.user_id AS alert_configs_user_id, alert_configs.metric AS alert_configs_metric, alert_configs.threshold_value AS alert_configs_threshold_value, alert_configs.direction AS alert_configs_direction, alert_configs.enabled AS alert_configs_enabled, alert_configs.notify_email AS alert_configs_notify_email, alert_configs.notify_push AS alert_configs_notify_push, alert_configs.created_at AS alert_configs_created_at 
FROM alert_configs 
WHERE alert_configs.user_id = ? AND alert_configs.enabled = 1
2026-04-06 03:31:25,917 INFO sqlalchemy.engine.Engine [cached since 62.16s ago] (1,)
2026-04-06 03:31:25,917 INFO sqlalchemy.engine.Engine ROLLBACK
2026-04-06 03:31:27,920 INFO sqlalchemy.engine.Engine BEGIN (implicit)
2026-04-06 03:31:27,920 INFO sqlalchemy.engine.Engine SELECT watch_data.id AS watch_data_id, watch_data.user_id AS watch_data_user_id, watch_data.source AS watch_data_source, watch_data.timestamp AS watch_data_timestamp, watch_data.heart_rate AS watch_data_heart_rate, watch_data.hrv AS watch_data_hrv, watch_data.spo2 AS watch_data_spo2, watch_data.steps AS watch_data_steps, watch_data.sleep_stage AS watch_data_sleep_stage, watch_data.blood_pressure_systolic AS watch_data_blood_pressure_systolic, watch_data.blood_pressure_diastolic AS watch_data_blood_pressure_diastolic, watch_data.calories_burned AS watch_data_calories_burned, watch_data.activity_minutes AS watch_data_activity_minutes, watch_data.raw_data AS watch_data_raw_data 
FROM watch_data 
WHERE watch_data.source = ? ORDER BY watch_data.timestamp DESC
 LIMIT ? OFFSET ?
2026-04-06 03:31:27,921 INFO sqlalchemy.engine.Engine [cached since 64.17s ago] ('health_connect', 1, 0)
📱 HEALTH_CONNECT ONLY: HR=71.0 SpO2=None HRV=None Steps=43
2026-04-06 03:31:27,922 INFO sqlalchemy.engine.Engine SELECT alert_configs.id AS alert_configs_id, alert_configs.user_id AS alert_configs_user_id, alert_configs.metric AS alert_configs_metric, alert_configs.threshold_value AS alert_configs_threshold_value, alert_configs.direction AS alert_configs_direction, alert_configs.enabled AS alert_configs_enabled, alert_configs.notify_email AS alert_configs_notify_email, alert_configs.notify_push AS alert_configs_notify_push, alert_configs.created_at AS alert_configs_created_at 
FROM alert_configs 
WHERE alert_configs.user_id = ? AND alert_configs.enabled = 1
2026-04-06 03:31:27,922 INFO sqlalchemy.engine.Engine [cached since 64.16s ago] (1,)
2026-04-06 03:31:27,922 INFO sqlalchemy.engine.Engine ROLLBACK
2026-04-06 03:31:29,925 INFO sqlalchemy.engine.Engine BEGIN (implicit)
2026-04-06 03:31:29,925 INFO sqlalchemy.engine.Engine SELECT watch_data.id AS watch_data_id, watch_data.user_id AS watch_data_user_id, watch_data.source AS watch_data_source, watch_data.timestamp AS watch_data_timestamp, watch_data.heart_rate AS watch_data_heart_rate, watch_data.hrv AS watch_data_hrv, watch_data.spo2 AS watch_data_spo2, watch_data.steps AS watch_data_steps, watch_data.sleep_stage AS watch_data_sleep_stage, watch_data.blood_pressure_systolic AS watch_data_blood_pressure_systolic, watch_data.blood_pressure_diastolic AS watch_data_blood_pressure_diastolic, watch_data.calories_burned AS watch_data_calories_burned, watch_data.activity_minutes AS watch_data_activity_minutes, watch_data.raw_data AS watch_data_raw_data 
FROM watch_data 
WHERE watch_data.source = ? ORDER BY watch_data.timestamp DESC
 LIMIT ? OFFSET ?
2026-04-06 03:31:29,925 INFO sqlalchemy.engine.Engine [cached since 66.18s ago] ('health_connect', 1, 0)
📱 HEALTH_CONNECT ONLY: HR=71.0 SpO2=None HRV=None Steps=43
2026-04-06 03:31:29,926 INFO sqlalchemy.engine.Engine SELECT alert_configs.id AS alert_configs_id, alert_configs.user_id AS alert_configs_user_id, alert_configs.metric AS alert_configs_metric, alert_configs.threshold_value AS alert_configs_threshold_value, alert_configs.direction AS alert_configs_direction, alert_configs.enabled AS alert_configs_enabled, alert_configs.notify_email AS alert_configs_notify_email, alert_configs.notify_push AS alert_configs_notify_push, alert_configs.created_at AS alert_configs_created_at 
FROM alert_configs 
WHERE alert_configs.user_id = ? AND alert_configs.enabled = 1
2026-04-06 03:31:29,926 INFO sqlalchemy.engine.Engine [cached since 66.17s ago] (1,)
2026-04-06 03:31:29,927 INFO sqlalchemy.engine.Engine ROLLBACK
2026-04-06 03:31:31,928 INFO sqlalchemy.engine.Engine BEGIN (implicit)
2026-04-06 03:31:31,929 INFO sqlalchemy.engine.Engine SELECT watch_data.id AS watch_data_id, watch_data.user_id AS watch_data_user_id, watch_data.source AS watch_data_source, watch_data.timestamp AS watch_data_timestamp, watch_data.heart_rate AS watch_data_heart_rate, watch_data.hrv AS watch_data_hrv, watch_data.spo2 AS watch_data_spo2, watch_data.steps AS watch_data_steps, watch_data.sleep_stage AS watch_data_sleep_stage, watch_data.blood_pressure_systolic AS watch_data_blood_pressure_systolic, watch_data.blood_pressure_diastolic AS watch_data_blood_pressure_diastolic, watch_data.calories_burned AS watch_data_calories_burned, watch_data.activity_minutes AS watch_data_activity_minutes, watch_data.raw_data AS watch_data_raw_data 
FROM watch_data 
WHERE watch_data.source = ? ORDER BY watch_data.timestamp DESC
 LIMIT ? OFFSET ?
2026-04-06 03:31:31,929 INFO sqlalchemy.engine.Engine [cached since 68.18s ago] ('health_connect', 1, 0)
📱 HEALTH_CONNECT ONLY: HR=71.0 SpO2=None HRV=None Steps=43
2026-04-06 03:31:31,930 INFO sqlalchemy.engine.Engine SELECT alert_configs.id AS alert_configs_id, alert_configs.user_id AS alert_configs_user_id, alert_configs.metric AS alert_configs_metric, alert_configs.threshold_value AS alert_configs_threshold_value, alert_configs.direction AS alert_configs_direction, alert_configs.enabled AS alert_configs_enabled, alert_configs.notify_email AS alert_configs_notify_email, alert_configs.notify_push AS alert_configs_notify_push, alert_configs.created_at AS alert_configs_created_at 
FROM alert_configs 
WHERE alert_configs.user_id = ? AND alert_configs.enabled = 1
2026-04-06 03:31:31,930 INFO sqlalchemy.engine.Engine [cached since 68.17s ago] (1,)
2026-04-06 03:31:31,931 INFO sqlalchemy.engine.Engine ROLLBACK
2026-04-06 03:31:33,932 INFO sqlalchemy.engine.Engine BEGIN (implicit)
2026-04-06 03:31:33,933 INFO sqlalchemy.engine.Engine SELECT watch_data.id AS watch_data_id, watch_data.user_id AS watch_data_user_id, watch_data.source AS watch_data_source, watch_data.timestamp AS watch_data_timestamp, watch_data.heart_rate AS watch_data_heart_rate, watch_data.hrv AS watch_data_hrv, watch_data.spo2 AS watch_data_spo2, watch_data.steps AS watch_data_steps, watch_data.sleep_stage AS watch_data_sleep_stage, watch_data.blood_pressure_systolic AS watch_data_blood_pressure_systolic, watch_data.blood_pressure_diastolic AS watch_data_blood_pressure_diastolic, watch_data.calories_burned AS watch_data_calories_burned, watch_data.activity_minutes AS watch_data_activity_minutes, watch_data.raw_data AS watch_data_raw_data 
FROM watch_data 
WHERE watch_data.source = ? ORDER BY watch_data.timestamp DESC
 LIMIT ? OFFSET ?
2026-04-06 03:31:33,933 INFO sqlalchemy.engine.Engine [cached since 70.19s ago] ('health_connect', 1, 0)
📱 HEALTH_CONNECT ONLY: HR=71.0 SpO2=None HRV=None Steps=43
2026-04-06 03:31:33,934 INFO sqlalchemy.engine.Engine SELECT alert_configs.id AS alert_configs_id, alert_configs.user_id AS alert_configs_user_id, alert_configs.metric AS alert_configs_metric, alert_configs.threshold_value AS alert_configs_threshold_value, alert_configs.direction AS alert_configs_direction, alert_configs.enabled AS alert_configs_enabled, alert_configs.notify_email AS alert_configs_notify_email, alert_configs.notify_push AS alert_configs_notify_push, alert_configs.created_at AS alert_configs_created_at 
FROM alert_configs 
WHERE alert_configs.user_id = ? AND alert_configs.enabled = 1
2026-04-06 03:31:33,934 INFO sqlalchemy.engine.Engine [cached since 70.18s ago] (1,)
2026-04-06 03:31:33,934 INFO sqlalchemy.engine.Engine ROLLBACK
2026-04-06 03:31:35,937 INFO sqlalchemy.engine.Engine BEGIN (implicit)
2026-04-06 03:31:35,937 INFO sqlalchemy.engine.Engine SELECT watch_data.id AS watch_data_id, watch_data.user_id AS watch_data_user_id, watch_data.source AS watch_data_source, watch_data.timestamp AS watch_data_timestamp, watch_data.heart_rate AS watch_data_heart_rate, watch_data.hrv AS watch_data_hrv, watch_data.spo2 AS watch_data_spo2, watch_data.steps AS watch_data_steps, watch_data.sleep_stage AS watch_data_sleep_stage, watch_data.blood_pressure_systolic AS watch_data_blood_pressure_systolic, watch_data.blood_pressure_diastolic AS watch_data_blood_pressure_diastolic, watch_data.calories_burned AS watch_data_calories_burned, watch_data.activity_minutes AS watch_data_activity_minutes, watch_data.raw_data AS watch_data_raw_data 
FROM watch_data 
WHERE watch_data.source = ? ORDER BY watch_data.timestamp DESC
 LIMIT ? OFFSET ?
2026-04-06 03:31:35,937 INFO sqlalchemy.engine.Engine [cached since 72.19s ago] ('health_connect', 1, 0)
📱 HEALTH_CONNECT ONLY: HR=71.0 SpO2=None HRV=None Steps=43
2026-04-06 03:31:35,939 INFO sqlalchemy.engine.Engine SELECT alert_configs.id AS alert_configs_id, alert_configs.user_id AS alert_configs_user_id, alert_configs.metric AS alert_configs_metric, alert_configs.threshold_value AS alert_configs_threshold_value, alert_configs.direction AS alert_configs_direction, alert_configs.enabled AS alert_configs_enabled, alert_configs.notify_email AS alert_configs_notify_email, alert_configs.notify_push AS alert_configs_notify_push, alert_configs.created_at AS alert_configs_created_at 
FROM alert_configs 
WHERE alert_configs.user_id = ? AND alert_configs.enabled = 1
2026-04-06 03:31:35,939 INFO sqlalchemy.engine.Engine [cached since 72.18s ago] (1,)
2026-04-06 03:31:35,939 INFO sqlalchemy.engine.Engine ROLLBACK
2026-04-06 03:31:37,942 INFO sqlalchemy.engine.Engine BEGIN (implicit)
2026-04-06 03:31:37,942 INFO sqlalchemy.engine.Engine SELECT watch_data.id AS watch_data_id, watch_data.user_id AS watch_data_user_id, watch_data.source AS watch_data_source, watch_data.timestamp AS watch_data_timestamp, watch_data.heart_rate AS watch_data_heart_rate, watch_data.hrv AS watch_data_hrv, watch_data.spo2 AS watch_data_spo2, watch_data.steps AS watch_data_steps, watch_data.sleep_stage AS watch_data_sleep_stage, watch_data.blood_pressure_systolic AS watch_data_blood_pressure_systolic, watch_data.blood_pressure_diastolic AS watch_data_blood_pressure_diastolic, watch_data.calories_burned AS watch_data_calories_burned, watch_data.activity_minutes AS watch_data_activity_minutes, watch_data.raw_data AS watch_data_raw_data 
FROM watch_data 
WHERE watch_data.source = ? ORDER BY watch_data.timestamp DESC
 LIMIT ? OFFSET ?
2026-04-06 03:31:37,942 INFO sqlalchemy.engine.Engine [cached since 74.2s ago] ('health_connect', 1, 0)
📱 HEALTH_CONNECT ONLY: HR=71.0 SpO2=None HRV=None Steps=43
2026-04-06 03:31:37,944 INFO sqlalchemy.engine.Engine SELECT alert_configs.id AS alert_configs_id, alert_configs.user_id AS alert_configs_user_id, alert_configs.metric AS alert_configs_metric, alert_configs.threshold_value AS alert_configs_threshold_value, alert_configs.direction AS alert_configs_direction, alert_configs.enabled AS alert_configs_enabled, alert_configs.notify_email AS alert_configs_notify_email, alert_configs.notify_push AS alert_configs_notify_push, alert_configs.created_at AS alert_configs_created_at 
FROM alert_configs 
WHERE alert_configs.user_id = ? AND alert_configs.enabled = 1
2026-04-06 03:31:37,944 INFO sqlalchemy.engine.Engine [cached since 74.19s ago] (1,)
2026-04-06 03:31:37,944 INFO sqlalchemy.engine.Engine ROLLBACK
2026-04-06 03:31:39,946 INFO sqlalchemy.engine.Engine BEGIN (implicit)
2026-04-06 03:31:39,946 INFO sqlalchemy.engine.Engine SELECT watch_data.id AS watch_data_id, watch_data.user_id AS watch_data_user_id, watch_data.source AS watch_data_source, watch_data.timestamp AS watch_data_timestamp, watch_data.heart_rate AS watch_data_heart_rate, watch_data.hrv AS watch_data_hrv, watch_data.spo2 AS watch_data_spo2, watch_data.steps AS watch_data_steps, watch_data.sleep_stage AS watch_data_sleep_stage, watch_data.blood_pressure_systolic AS watch_data_blood_pressure_systolic, watch_data.blood_pressure_diastolic AS watch_data_blood_pressure_diastolic, watch_data.calories_burned AS watch_data_calories_burned, watch_data.activity_minutes AS watch_data_activity_minutes, watch_data.raw_data AS watch_data_raw_data 
FROM watch_data 
WHERE watch_data.source = ? ORDER BY watch_data.timestamp DESC
 LIMIT ? OFFSET ?
2026-04-06 03:31:39,946 INFO sqlalchemy.engine.Engine [cached since 76.2s ago] ('health_connect', 1, 0)
📱 HEALTH_CONNECT ONLY: HR=71.0 SpO2=None HRV=None Steps=43
2026-04-06 03:31:39,947 INFO sqlalchemy.engine.Engine SELECT alert_configs.id AS alert_configs_id, alert_configs.user_id AS alert_configs_user_id, alert_configs.metric AS alert_configs_metric, alert_configs.threshold_value AS alert_configs_threshold_value, alert_configs.direction AS alert_configs_direction, alert_configs.enabled AS alert_configs_enabled, alert_configs.notify_email AS alert_configs_notify_email, alert_configs.notify_push AS alert_configs_notify_push, alert_configs.created_at AS alert_configs_created_at 
FROM alert_configs 
WHERE alert_configs.user_id = ? AND alert_configs.enabled = 1
2026-04-06 03:31:39,947 INFO sqlalchemy.engine.Engine [cached since 76.19s ago] (1,)
2026-04-06 03:31:39,948 INFO sqlalchemy.engine.Engine ROLLBACK
2026-04-06 03:31:41,949 INFO sqlalchemy.engine.Engine BEGIN (implicit)
2026-04-06 03:31:41,950 INFO sqlalchemy.engine.Engine SELECT watch_data.id AS watch_data_id, watch_data.user_id AS watch_data_user_id, watch_data.source AS watch_data_source, watch_data.timestamp AS watch_data_timestamp, watch_data.heart_rate AS watch_data_heart_rate, watch_data.hrv AS watch_data_hrv, watch_data.spo2 AS watch_data_spo2, watch_data.steps AS watch_data_steps, watch_data.sleep_stage AS watch_data_sleep_stage, watch_data.blood_pressure_systolic AS watch_data_blood_pressure_systolic, watch_data.blood_pressure_diastolic AS watch_data_blood_pressure_diastolic, watch_data.calories_burned AS watch_data_calories_burned, watch_data.activity_minutes AS watch_data_activity_minutes, watch_data.raw_data AS watch_data_raw_data 
FROM watch_data 
WHERE watch_data.source = ? ORDER BY watch_data.timestamp DESC
 LIMIT ? OFFSET ?
2026-04-06 03:31:41,950 INFO sqlalchemy.engine.Engine [cached since 78.2s ago] ('health_connect', 1, 0)
📱 HEALTH_CONNECT ONLY: HR=71.0 SpO2=None HRV=None Steps=43
2026-04-06 03:31:41,951 INFO sqlalchemy.engine.Engine SELECT alert_configs.id AS alert_configs_id, alert_configs.user_id AS alert_configs_user_id, alert_configs.metric AS alert_configs_metric, alert_configs.threshold_value AS alert_configs_threshold_value, alert_configs.direction AS alert_configs_direction, alert_configs.enabled AS alert_configs_enabled, alert_configs.notify_email AS alert_configs_notify_email, alert_configs.notify_push AS alert_configs_notify_push, alert_configs.created_at AS alert_configs_created_at 
FROM alert_configs 
WHERE alert_configs.user_id = ? AND alert_configs.enabled = 1
2026-04-06 03:31:41,951 INFO sqlalchemy.engine.Engine [cached since 78.19s ago] (1,)
2026-04-06 03:31:41,951 INFO sqlalchemy.engine.Engine ROLLBACK
2026-04-06 03:31:43,953 INFO sqlalchemy.engine.Engine BEGIN (implicit)
2026-04-06 03:31:43,954 INFO sqlalchemy.engine.Engine SELECT watch_data.id AS watch_data_id, watch_data.user_id AS watch_data_user_id, watch_data.source AS watch_data_source, watch_data.timestamp AS watch_data_timestamp, watch_data.heart_rate AS watch_data_heart_rate, watch_data.hrv AS watch_data_hrv, watch_data.spo2 AS watch_data_spo2, watch_data.steps AS watch_data_steps, watch_data.sleep_stage AS watch_data_sleep_stage, watch_data.blood_pressure_systolic AS watch_data_blood_pressure_systolic, watch_data.blood_pressure_diastolic AS watch_data_blood_pressure_diastolic, watch_data.calories_burned AS watch_data_calories_burned, watch_data.activity_minutes AS watch_data_activity_minutes, watch_data.raw_data AS watch_data_raw_data 
FROM watch_data 
WHERE watch_data.source = ? ORDER BY watch_data.timestamp DESC
 LIMIT ? OFFSET ?
2026-04-06 03:31:43,954 INFO sqlalchemy.engine.Engine [cached since 80.21s ago] ('health_connect', 1, 0)
📱 HEALTH_CONNECT ONLY: HR=71.0 SpO2=None HRV=None Steps=43
2026-04-06 03:31:43,955 INFO sqlalchemy.engine.Engine SELECT alert_configs.id AS alert_configs_id, alert_configs.user_id AS alert_configs_user_id, alert_configs.metric AS alert_configs_metric, alert_configs.threshold_value AS alert_configs_threshold_value, alert_configs.direction AS alert_configs_direction, alert_configs.enabled AS alert_configs_enabled, alert_configs.notify_email AS alert_configs_notify_email, alert_configs.notify_push AS alert_configs_notify_push, alert_configs.created_at AS alert_configs_created_at 
FROM alert_configs 
WHERE alert_configs.user_id = ? AND alert_configs.enabled = 1
2026-04-06 03:31:43,955 INFO sqlalchemy.engine.Engine [cached since 80.2s ago] (1,)
2026-04-06 03:31:43,955 INFO sqlalchemy.engine.Engine ROLLBACK
2026-04-06 03:31:45,957 INFO sqlalchemy.engine.Engine BEGIN (implicit)
2026-04-06 03:31:45,957 INFO sqlalchemy.engine.Engine SELECT watch_data.id AS watch_data_id, watch_data.user_id AS watch_data_user_id, watch_data.source AS watch_data_source, watch_data.timestamp AS watch_data_timestamp, watch_data.heart_rate AS watch_data_heart_rate, watch_data.hrv AS watch_data_hrv, watch_data.spo2 AS watch_data_spo2, watch_data.steps AS watch_data_steps, watch_data.sleep_stage AS watch_data_sleep_stage, watch_data.blood_pressure_systolic AS watch_data_blood_pressure_systolic, watch_data.blood_pressure_diastolic AS watch_data_blood_pressure_diastolic, watch_data.calories_burned AS watch_data_calories_burned, watch_data.activity_minutes AS watch_data_activity_minutes, watch_data.raw_data AS watch_data_raw_data 
FROM watch_data 
WHERE watch_data.source = ? ORDER BY watch_data.timestamp DESC
 LIMIT ? OFFSET ?
2026-04-06 03:31:45,957 INFO sqlalchemy.engine.Engine [cached since 82.21s ago] ('health_connect', 1, 0)
📱 HEALTH_CONNECT ONLY: HR=71.0 SpO2=None HRV=None Steps=43
2026-04-06 03:31:45,958 INFO sqlalchemy.engine.Engine SELECT alert_configs.id AS alert_configs_id, alert_configs.user_id AS alert_configs_user_id, alert_configs.metric AS alert_configs_metric, alert_configs.threshold_value AS alert_configs_threshold_value, alert_configs.direction AS alert_configs_direction, alert_configs.enabled AS alert_configs_enabled, alert_configs.notify_email AS alert_configs_notify_email, alert_configs.notify_push AS alert_configs_notify_push, alert_configs.created_at AS alert_configs_created_at 
FROM alert_configs 
WHERE alert_configs.user_id = ? AND alert_configs.enabled = 1
2026-04-06 03:31:45,959 INFO sqlalchemy.engine.Engine [cached since 82.2s ago] (1,)
2026-04-06 03:31:45,959 INFO sqlalchemy.engine.Engine ROLLBACK
2026-04-06 03:31:47,962 INFO sqlalchemy.engine.Engine BEGIN (implicit)
2026-04-06 03:31:47,962 INFO sqlalchemy.engine.Engine SELECT watch_data.id AS watch_data_id, watch_data.user_id AS watch_data_user_id, watch_data.source AS watch_data_source, watch_data.timestamp AS watch_data_timestamp, watch_data.heart_rate AS watch_data_heart_rate, watch_data.hrv AS watch_data_hrv, watch_data.spo2 AS watch_data_spo2, watch_data.steps AS watch_data_steps, watch_data.sleep_stage AS watch_data_sleep_stage, watch_data.blood_pressure_systolic AS watch_data_blood_pressure_systolic, watch_data.blood_pressure_diastolic AS watch_data_blood_pressure_diastolic, watch_data.calories_burned AS watch_data_calories_burned, watch_data.activity_minutes AS watch_data_activity_minutes, watch_data.raw_data AS watch_data_raw_data 
FROM watch_data 
WHERE watch_data.source = ? ORDER BY watch_data.timestamp DESC
 LIMIT ? OFFSET ?
2026-04-06 03:31:47,962 INFO sqlalchemy.engine.Engine [cached since 84.22s ago] ('health_connect', 1, 0)
📱 HEALTH_CONNECT ONLY: HR=71.0 SpO2=None HRV=None Steps=43
2026-04-06 03:31:47,964 INFO sqlalchemy.engine.Engine SELECT alert_configs.id AS alert_configs_id, alert_configs.user_id AS alert_configs_user_id, alert_configs.metric AS alert_configs_metric, alert_configs.threshold_value AS alert_configs_threshold_value, alert_configs.direction AS alert_configs_direction, alert_configs.enabled AS alert_configs_enabled, alert_configs.notify_email AS alert_configs_notify_email, alert_configs.notify_push AS alert_configs_notify_push, alert_configs.created_at AS alert_configs_created_at 
FROM alert_configs 
WHERE alert_configs.user_id = ? AND alert_configs.enabled = 1
2026-04-06 03:31:47,964 INFO sqlalchemy.engine.Engine [cached since 84.21s ago] (1,)
2026-04-06 03:31:47,965 INFO sqlalchemy.engine.Engine ROLLBACK
2026-04-06 03:31:49,997 INFO sqlalchemy.engine.Engine BEGIN (implicit)
2026-04-06 03:31:49,998 INFO sqlalchemy.engine.Engine SELECT watch_data.id AS watch_data_id, watch_data.user_id AS watch_data_user_id, watch_data.source AS watch_data_source, watch_data.timestamp AS watch_data_timestamp, watch_data.heart_rate AS watch_data_heart_rate, watch_data.hrv AS watch_data_hrv, watch_data.spo2 AS watch_data_spo2, watch_data.steps AS watch_data_steps, watch_data.sleep_stage AS watch_data_sleep_stage, watch_data.blood_pressure_systolic AS watch_data_blood_pressure_systolic, watch_data.blood_pressure_diastolic AS watch_data_blood_pressure_diastolic, watch_data.calories_burned AS watch_data_calories_burned, watch_data.activity_minutes AS watch_data_activity_minutes, watch_data.raw_data AS watch_data_raw_data 
FROM watch_data 
WHERE watch_data.source = ? ORDER BY watch_data.timestamp DESC
 LIMIT ? OFFSET ?
2026-04-06 03:31:49,998 INFO sqlalchemy.engine.Engine [cached since 86.25s ago] ('health_connect', 1, 0)
📱 HEALTH_CONNECT ONLY: HR=71.0 SpO2=None HRV=None Steps=43
2026-04-06 03:31:50,001 INFO sqlalchemy.engine.Engine SELECT alert_configs.id AS alert_configs_id, alert_configs.user_id AS alert_configs_user_id, alert_configs.metric AS alert_configs_metric, alert_configs.threshold_value AS alert_configs_threshold_value, alert_configs.direction AS alert_configs_direction, alert_configs.enabled AS alert_configs_enabled, alert_configs.notify_email AS alert_configs_notify_email, alert_configs.notify_push AS alert_configs_notify_push, alert_configs.created_at AS alert_configs_created_at 
FROM alert_configs 
WHERE alert_configs.user_id = ? AND alert_configs.enabled = 1
2026-04-06 03:31:50,001 INFO sqlalchemy.engine.Engine [cached since 86.24s ago] (1,)
2026-04-06 03:31:50,002 INFO sqlalchemy.engine.Engine ROLLBACK
INFO:     127.0.0.1:60197 - "POST /api/v1/data/sync/all HTTP/1.1" 200 OK
2026-04-06 03:31:52,005 INFO sqlalchemy.engine.Engine BEGIN (implicit)
2026-04-06 03:31:52,006 INFO sqlalchemy.engine.Engine SELECT watch_data.id AS watch_data_id, watch_data.user_id AS watch_data_user_id, watch_data.source AS watch_data_source, watch_data.timestamp AS watch_data_timestamp, watch_data.heart_rate AS watch_data_heart_rate, watch_data.hrv AS watch_data_hrv, watch_data.spo2 AS watch_data_spo2, watch_data.steps AS watch_data_steps, watch_data.sleep_stage AS watch_data_sleep_stage, watch_data.blood_pressure_systolic AS watch_data_blood_pressure_systolic, watch_data.blood_pressure_diastolic AS watch_data_blood_pressure_diastolic, watch_data.calories_burned AS watch_data_calories_burned, watch_data.activity_minutes AS watch_data_activity_minutes, watch_data.raw_data AS watch_data_raw_data 
FROM watch_data 
WHERE watch_data.source = ? ORDER BY watch_data.timestamp DESC
 LIMIT ? OFFSET ?
2026-04-06 03:31:52,006 INFO sqlalchemy.engine.Engine [cached since 88.26s ago] ('health_connect', 1, 0)
📱 HEALTH_CONNECT ONLY: HR=71.0 SpO2=None HRV=None Steps=43
2026-04-06 03:31:52,007 INFO sqlalchemy.engine.Engine SELECT alert_configs.id AS alert_configs_id, alert_configs.user_id AS alert_configs_user_id, alert_configs.metric AS alert_configs_metric, alert_configs.threshold_value AS alert_configs_threshold_value, alert_configs.direction AS alert_configs_direction, alert_configs.enabled AS alert_configs_enabled, alert_configs.notify_email AS alert_configs_notify_email, alert_configs.notify_push AS alert_configs_notify_push, alert_configs.created_at AS alert_configs_created_at 
FROM alert_configs 
WHERE alert_configs.user_id = ? AND alert_configs.enabled = 1
2026-04-06 03:31:52,007 INFO sqlalchemy.engine.Engine [cached since 88.25s ago] (1,)
2026-04-06 03:31:52,008 INFO sqlalchemy.engine.Engine ROLLBACK
INFO:     127.0.0.1:60199 - "POST /api/v1/data/sync/all HTTP/1.1" 200 OK
2026-04-06 03:31:54,010 INFO sqlalchemy.engine.Engine BEGIN (implicit)
2026-04-06 03:31:54,010 INFO sqlalchemy.engine.Engine SELECT watch_data.id AS watch_data_id, watch_data.user_id AS watch_data_user_id, watch_data.source AS watch_data_source, watch_data.timestamp AS watch_data_timestamp, watch_data.heart_rate AS watch_data_heart_rate, watch_data.hrv AS watch_data_hrv, watch_data.spo2 AS watch_data_spo2, watch_data.steps AS watch_data_steps, watch_data.sleep_stage AS watch_data_sleep_stage, watch_data.blood_pressure_systolic AS watch_data_blood_pressure_systolic, watch_data.blood_pressure_diastolic AS watch_data_blood_pressure_diastolic, watch_data.calories_burned AS watch_data_calories_burned, watch_data.activity_minutes AS watch_data_activity_minutes, watch_data.raw_data AS watch_data_raw_data 
FROM watch_data 
WHERE watch_data.source = ? ORDER BY watch_data.timestamp DESC
 LIMIT ? OFFSET ?
2026-04-06 03:31:54,010 INFO sqlalchemy.engine.Engine [cached since 90.26s ago] ('health_connect', 1, 0)
📱 HEALTH_CONNECT ONLY: HR=71.0 SpO2=None HRV=None Steps=43
2026-04-06 03:31:54,012 INFO sqlalchemy.engine.Engine SELECT alert_configs.id AS alert_configs_id, alert_configs.user_id AS alert_configs_user_id, alert_configs.metric AS alert_configs_metric, alert_configs.threshold_value AS alert_configs_threshold_value, alert_configs.direction AS alert_configs_direction, alert_configs.enabled AS alert_configs_enabled, alert_configs.notify_email AS alert_configs_notify_email, alert_configs.notify_push AS alert_configs_notify_push, alert_configs.created_at AS alert_configs_created_at 
FROM alert_configs 
WHERE alert_configs.user_id = ? AND alert_configs.enabled = 1
2026-04-06 03:31:54,012 INFO sqlalchemy.engine.Engine [cached since 90.25s ago] (1,)
2026-04-06 03:31:54,012 INFO sqlalchemy.engine.Engine ROLLBACK
